Archive member included to satisfy reference by file (symbol)

/Applications/ArmGNUToolchain/14.3.rel1/arm-none-eabi/bin/../lib/gcc/arm-none-eabi/14.3.1/thumb/v6-m/nofp/libgcc.a(_dvmd_tls.o)
                              CMakeFiles/scooter.dir/Users/bturner/Pico/pico-sdk/src/rp2_common/pico_divider/divider_hardware.S.o (__aeabi_idiv0)
/Applications/ArmGNUToolchain/14.3.rel1/arm-none-eabi/bin/../lib/gcc/arm-none-eabi/14.3.1/../../../../arm-none-eabi/lib/thumb/v6-m/nofp/libg.a(libc_a-calloc.o)
                              CMakeFiles/scooter.dir/Users/bturner/Pico/pico-sdk/src/rp2_common/pico_malloc/malloc.c.o (calloc)
/Applications/ArmGNUToolchain/14.3.rel1/arm-none-eabi/bin/../lib/gcc/arm-none-eabi/14.3.1/../../../../arm-none-eabi/lib/thumb/v6-m/nofp/libg.a(libc_a-callocr.o)
                              /Applications/ArmGNUToolchain/14.3.rel1/arm-none-eabi/bin/../lib/gcc/arm-none-eabi/14.3.1/../../../../arm-none-eabi/lib/thumb/v6-m/nofp/libg.a(libc_a-calloc.o) (_calloc_r)
/Applications/ArmGNUToolchain/14.3.rel1/arm-none-eabi/bin/../lib/gcc/arm-none-eabi/14.3.1/../../../../arm-none-eabi/lib/thumb/v6-m/nofp/libg.a(libc_a-malloc.o)
                              CMakeFiles/scooter.dir/Users/bturner/Pico/pico-sdk/src/rp2_common/pico_malloc/malloc.c.o (malloc)
/Applications/ArmGNUToolchain/14.3.rel1/arm-none-eabi/bin/../lib/gcc/arm-none-eabi/14.3.1/../../../../arm-none-eabi/lib/thumb/v6-m/nofp/libg.a(libc_a-mallocr.o)
                              /Applications/ArmGNUToolchain/14.3.rel1/arm-none-eabi/bin/../lib/gcc/arm-none-eabi/14.3.1/../../../../arm-none-eabi/lib/thumb/v6-m/nofp/libg.a(libc_a-callocr.o) (_malloc_r)
/Applications/ArmGNUToolchain/14.3.rel1/arm-none-eabi/bin/../lib/gcc/arm-none-eabi/14.3.1/../../../../arm-none-eabi/lib/thumb/v6-m/nofp/libg.a(libc_a-mlock.o)
                              /Applications/ArmGNUToolchain/14.3.rel1/arm-none-eabi/bin/../lib/gcc/arm-none-eabi/14.3.1/../../../../arm-none-eabi/lib/thumb/v6-m/nofp/libg.a(libc_a-mallocr.o) (__malloc_lock)
/Applications/ArmGNUToolchain/14.3.rel1/arm-none-eabi/bin/../lib/gcc/arm-none-eabi/14.3.1/../../../../arm-none-eabi/lib/thumb/v6-m/nofp/libg.a(libc_a-realloc.o)
                              CMakeFiles/scooter.dir/Users/bturner/Pico/pico-sdk/src/rp2_common/pico_malloc/malloc.c.o (realloc)
/Applications/ArmGNUToolchain/14.3.rel1/arm-none-eabi/bin/../lib/gcc/arm-none-eabi/14.3.1/../../../../arm-none-eabi/lib/thumb/v6-m/nofp/libg.a(libc_a-reallocr.o)
                              /Applications/ArmGNUToolchain/14.3.rel1/arm-none-eabi/bin/../lib/gcc/arm-none-eabi/14.3.1/../../../../arm-none-eabi/lib/thumb/v6-m/nofp/libg.a(libc_a-realloc.o) (_realloc_r)
/Applications/ArmGNUToolchain/14.3.rel1/arm-none-eabi/bin/../lib/gcc/arm-none-eabi/14.3.1/../../../../arm-none-eabi/lib/thumb/v6-m/nofp/libg.a(libc_a-memcmp.o)
                              CMakeFiles/scooter.dir/Users/bturner/Pico/pico-sdk/src/rp2_common/pico_atomic/atomic.c.o (memcmp)
/Applications/ArmGNUToolchain/14.3.rel1/arm-none-eabi/bin/../lib/gcc/arm-none-eabi/14.3.1/../../../../arm-none-eabi/lib/thumb/v6-m/nofp/libg.a(libc_a-memmove.o)
                              /Applications/ArmGNUToolchain/14.3.rel1/arm-none-eabi/bin/../lib/gcc/arm-none-eabi/14.3.1/../../../../arm-none-eabi/lib/thumb/v6-m/nofp/libg.a(libc_a-reallocr.o) (memmove)
/Applications/ArmGNUToolchain/14.3.rel1/arm-none-eabi/bin/../lib/gcc/arm-none-eabi/14.3.1/../../../../arm-none-eabi/lib/thumb/v6-m/nofp/libg.a(libc_a-lcltime_r.o)
                              CMakeFiles/scooter.dir/Users/bturner/Pico/pico-sdk/src/common/pico_util/datetime.c.o (localtime_r)
/Applications/ArmGNUToolchain/14.3.rel1/arm-none-eabi/bin/../lib/gcc/arm-none-eabi/14.3.1/../../../../arm-none-eabi/lib/thumb/v6-m/nofp/libg.a(libc_a-mktime.o)
                              CMakeFiles/scooter.dir/Users/bturner/Pico/pico-sdk/src/common/pico_util/datetime.c.o (mktime)
/Applications/ArmGNUToolchain/14.3.rel1/arm-none-eabi/bin/../lib/gcc/arm-none-eabi/14.3.1/../../../../arm-none-eabi/lib/thumb/v6-m/nofp/libg.a(libc_a-month_lengths.o)
                              /Applications/ArmGNUToolchain/14.3.rel1/arm-none-eabi/bin/../lib/gcc/arm-none-eabi/14.3.1/../../../../arm-none-eabi/lib/thumb/v6-m/nofp/libg.a(libc_a-lcltime_r.o) (__month_lengths)
/Applications/ArmGNUToolchain/14.3.rel1/arm-none-eabi/bin/../lib/gcc/arm-none-eabi/14.3.1/../../../../arm-none-eabi/lib/thumb/v6-m/nofp/libg.a(libc_a-tzcalc_limits.o)
                              /Applications/ArmGNUToolchain/14.3.rel1/arm-none-eabi/bin/../lib/gcc/arm-none-eabi/14.3.1/../../../../arm-none-eabi/lib/thumb/v6-m/nofp/libg.a(libc_a-lcltime_r.o) (__tzcalc_limits)
/Applications/ArmGNUToolchain/14.3.rel1/arm-none-eabi/bin/../lib/gcc/arm-none-eabi/14.3.1/../../../../arm-none-eabi/lib/thumb/v6-m/nofp/libg.a(libc_a-tzlock.o)
[...]
Memory Configuration

Name             Origin             Length             Attributes
FLASH            0x10000000         0x00200000         xr
RAM              0x20000000         0x00040000         xrw
SCRATCH_X        0x20040000         0x00001000         xrw
SCRATCH_Y        0x20041000         0x00001000         xrw
*default*        0x00000000         0xffffffff

Linker script and memory map

LOAD /Applications/ArmGNUToolchain/14.3.rel1/arm-none-eabi/bin/../lib/gcc/arm-none-eabi/14.3.1/thumb/v6-m/nofp/crti.o
LOAD /Applications/ArmGNUToolchain/14.3.rel1/arm-none-eabi/bin/../lib/gcc/arm-none-eabi/14.3.1/thumb/v6-m/nofp/crtbegin.o
LOAD /Applications/ArmGNUToolchain/14.3.rel1/arm-none-eabi/bin/../lib/gcc/arm-none-eabi/14.3.1/../../../../arm-none-eabi/lib/thumb/v6-m/nofp/crt0.o

.flash_begin    0x10000000        0x0
                0x10000000                        __flash_binary_start = .

.boot2          0x10000000      0x100
                0x10000000                        __boot2_start__ = .
 *(.boot2)
 .boot2         0x10000000      0x100 pico-sdk/src/rp2040/boot_stage2/CMakeFiles/bs2_default_library.dir/bs2_default_padded_checksummed.S.o
                0x10000100                        __boot2_end__ = .
                0x00000001                        ASSERT (((__boot2_end__ - __boot2_start__) == 0x100), ERROR: Pico second stage bootloader must be 256 bytes in size)

.text           0x10000100     0x5378
                0x10000100                        __logical_binary_start = .
 *(.vectors)
 .vectors       0x10000100       0xd4 CMakeFiles/scooter.dir/Users/bturner/Pico/pico-sdk/src/rp2_common/pico_crt0/crt0.S.o
                0x10000100                __VECTOR_TABLE
                0x10000100                __vectors
                0x100001c0                isr_irq13
                0x100001c0                isr_irq27
                0x100001c0                isr_irq31
                0x100001c0                isr_irq5
                0x100001c0                isr_irq11
                0x100001c0                isr_irq23
                0x100001c0                isr_irq18
                0x100001c0                isr_irq9
                0x100001c0                __unhandled_user_irq
                0x100001c0                isr_irq25
                0x100001c0                isr_irq4
                0x100001c0                isr_irq16
                0x100001c0                isr_irq29
                0x100001c0                isr_irq26
                0x100001c0                isr_irq3
                0x100001c0                isr_irq12
                0x100001c0                isr_irq30
                0x100001c0                isr_irq28
                0x100001c0                isr_irq19
                0x100001c0                isr_irq0
                0x100001c0                isr_irq6
                0x100001c0                isr_irq22
                0x100001c0                isr_irq17
                0x100001c0                isr_irq14
                0x100001c0                __vectors_end
                0x100001c0                __default_isrs_start
                0x100001c0                isr_irq2
                0x100001c0                isr_irq10
                0x100001c0                isr_irq8
                0x100001c0                isr_irq24
                0x100001c0                isr_irq1
                0x100001c0                isr_irq7
                0x100001c0                isr_irq21
                0x100001c0                isr_irq20
                0x100001c0                isr_irq15
                0x100001c6                unhandled_user_irq_num_in_r0
                0x100001c8                isr_invalid
                0x100001ca                isr_nmi
                0x100001cc                isr_hardfault
                0x100001ce                isr_svcall
                0x100001d0                isr_pendsv
                0x100001d2                isr_systick
                0x100001d4                __default_isrs_end
 *(.binary_info_header)
 .binary_info_header
                0x100001d4       0x14 CMakeFiles/scooter.dir/Users/bturner/Pico/pico-sdk/src/rp2_common/pico_crt0/crt0.S.o
                0x100001e8                        __binary_info_header_end = .
 *(.embedded_block)
                0x100001e8                        __embedded_block_end = .
 *(.reset)
 .reset         0x100001e8       0x9c CMakeFiles/scooter.dir/Users/bturner/Pico/pico-sdk/src/rp2_common/pico_crt0/crt0.S.o
                0x100001e8                _entry_point
 *(.init)
 .init          0x10000284        0x4 /Applications/ArmGNUToolchain/14.3.rel1/arm-none-eabi/bin/../lib/gcc/arm-none-eabi/14.3.1/thumb/v6-m/nofp/crti.o
                0x10000284                _init
 *(EXCLUDE_FILE(*libm.a: *libc.a:*lib_a-mem*.o *libgcc.a:) .text*)
 .text.register_tm_clones
                0x10000288       0x28 /Applications/ArmGNUToolchain/14.3.rel1/arm-none-eabi/bin/../lib/gcc/arm-none-eabi/14.3.1/thumb/v6-m/nofp/crtbegin.o
 .text.frame_dummy
                0x100002b0       0x24 /Applications/ArmGNUToolchain/14.3.rel1/arm-none-eabi/bin/../lib/gcc/arm-none-eabi/14.3.1/thumb/v6-m/nofp/crtbegin.o
 .text.hall_sensor_isr
                0x100002d4       0x48 CMakeFiles/scooter.dir/main.c.o
                0x100002d4                hall_sensor_isr
 .text.lcd_send
                0x1000031c      0x108 CMakeFiles/scooter.dir/main.c.o
                0x1000031c                lcd_send
 .text.lcd_init
                0x10000424       0x40 CMakeFiles/scooter.dir/main.c.o
                0x10000424                lcd_init
 .text.startup.main
                0x10000464      0x5ec CMakeFiles/scooter.dir/main.c.o
                0x10000464                main
 .text.gpio_default_irq_handler
                0x10000a50      0x2c8 CMakeFiles/scooter.dir/Users/bturner/Pico/pico-sdk/src/rp2_common/hardware_gpio/gpio.c.o
 .text.gpio_set_function
                0x10000d18       0x34 CMakeFiles/scooter.dir/Users/bturner/Pico/pico-sdk/src/rp2_common/hardware_gpio/gpio.c.o
                0x10000d18                gpio_set_function
 .text.gpio_set_pulls
                0x10000d4c       0x28 CMakeFiles/scooter.dir/Users/bturner/Pico/pico-sdk/src/rp2_common/hardware_gpio/gpio.c.o
                0x10000d4c                gpio_set_pulls
 .text.gpio_set_irq_enabled_with_callback
                0x10000d74       0xd0 CMakeFiles/scooter.dir/Users/bturner/Pico/pico-sdk/src/rp2_common/hardware_gpio/gpio.c.o
                0x10000d74                gpio_set_irq_enabled_with_callback
 .text.gpio_set_input_enabled
                0x10000e44       0x28 CMakeFiles/scooter.dir/Users/bturner/Pico/pico-sdk/src/rp2_common/hardware_gpio/gpio.c.o
                0x10000e44                gpio_set_input_enabled
 .text.gpio_init
                0x10000e6c       0x40 CMakeFiles/scooter.dir/Users/bturner/Pico/pico-sdk/src/rp2_common/hardware_gpio/gpio.c.o
                0x10000e6c                gpio_init
 .text.panic    0x10000eac       0x30 CMakeFiles/scooter.dir/Users/bturner/Pico/pico-sdk/src/rp2_common/pico_platform_panic/panic.c.o
                0x10000eac                panic
 .text.hw_claim_or_assert
                0x10000edc       0x44 CMakeFiles/scooter.dir/Users/bturner/Pico/pico-sdk/src/common/hardware_claim/claim.c.o
                0x10000edc                hw_claim_or_assert
 .text.next_striped_spin_lock_num
                0x10000f20       0x18 CMakeFiles/scooter.dir/Users/bturner/Pico/pico-sdk/src/rp2_common/hardware_sync/sync.c.o
                0x10000f20                next_striped_spin_lock_num
 .text.spin_locks_reset
                0x10000f38       0x1c CMakeFiles/scooter.dir/Users/bturner/Pico/pico-sdk/src/rp2_common/hardware_sync_spin_lock/sync_spin_lock.c.o
                0x10000f38                spin_locks_reset
 .text.runtime_init_per_core_irq_priorities
                0x10000f54       0x24 CMakeFiles/scooter.dir/Users/bturner/Pico/pico-sdk/src/rp2_common/hardware_irq/irq.c.o
                0x10000f54                runtime_init_per_core_irq_priorities
 .text.irq_set_enabled
                0x10000f78       0x24 CMakeFiles/scooter.dir/Users/bturner/Pico/pico-sdk/src/rp2_common/hardware_irq/irq.c.o
                0x10000f78                irq_set_enabled
 .text.irq_set_exclusive_handler
                0x10000f9c       0x54 CMakeFiles/scooter.dir/Users/bturner/Pico/pico-sdk/src/rp2_common/hardware_irq/irq.c.o
                0x10000f9c                irq_set_exclusive_handler
 .text.irq_add_shared_handler
                0x10000ff0      0x1f4 CMakeFiles/scooter.dir/Users/bturner/Pico/pico-sdk/src/rp2_common/hardware_irq/irq.c.o
                0x10000ff0                irq_add_shared_handler
 .text.irq_remove_handler
                0x100011e4      0x1d4 CMakeFiles/scooter.dir/Users/bturner/Pico/pico-sdk/src/rp2_common/hardware_irq/irq.c.o
                0x100011e4                irq_remove_handler
 .text.irq_add_tail_to_free_list
                0x100013b8       0xb4 CMakeFiles/scooter.dir/Users/bturner/Pico/pico-sdk/src/rp2_common/hardware_irq/irq.c.o
                0x100013b8                irq_add_tail_to_free_list
 .text.lock_init
                0x1000146c       0x10 CMakeFiles/scooter.dir/Users/bturner/Pico/pico-sdk/src/common/pico_sync/lock_core.c.o
                0x1000146c                lock_init
 .text.runtime_init_mutex
                0x1000147c       0x50 CMakeFiles/scooter.dir/Users/bturner/Pico/pico-sdk/src/common/pico_sync/mutex.c.o
                0x1000147c                runtime_init_mutex
 .text.sleep_until_callback
                0x100014cc       0x30 CMakeFiles/scooter.dir/Users/bturner/Pico/pico-sdk/src/common/pico_time/time.c.o
 .text.alarm_pool_irq_handler
                0x100014fc      0x2f8 CMakeFiles/scooter.dir/Users/bturner/Pico/pico-sdk/src/common/pico_time/time.c.o
 .text.runtime_init_default_alarm_pool
                0x100017f4       0xdc CMakeFiles/scooter.dir/Users/bturner/Pico/pico-sdk/src/common/pico_time/time.c.o
                0x100017f4                runtime_init_default_alarm_pool
 .text.alarm_pool_add_alarm_at_force_in_context
                0x100018d0       0xb0 CMakeFiles/scooter.dir/Users/bturner/Pico/pico-sdk/src/common/pico_time/time.c.o
                0x100018d0                alarm_pool_add_alarm_at_force_in_context
 .text.alarm_pool_cancel_alarm
                0x10001980       0x74 CMakeFiles/scooter.dir/Users/bturner/Pico/pico-sdk/src/common/pico_time/time.c.o
                0x10001980                alarm_pool_cancel_alarm
 .text.sleep_us
                0x100019f4       0xec CMakeFiles/scooter.dir/Users/bturner/Pico/pico-sdk/src/common/pico_time/time.c.o
                0x100019f4                sleep_us
 .text.sleep_ms
                0x10001ae0       0xfc CMakeFiles/scooter.dir/Users/bturner/Pico/pico-sdk/src/common/pico_time/time.c.o
                0x10001ae0                sleep_ms
 .text.best_effort_wfe_or_timeout
                0x10001bdc      0x10c CMakeFiles/scooter.dir/Users/bturner/Pico/pico-sdk/src/common/pico_time/time.c.o
                0x10001bdc                best_effort_wfe_or_timeout
 .text.timer_hardware_alarm_claim
                0x10001ce8       0x14 CMakeFiles/scooter.dir/Users/bturner/Pico/pico-sdk/src/rp2_common/hardware_timer/timer.c.o
                0x10001ce8                timer_hardware_alarm_claim
 .text.timer_time_us_64
                0x10001cfc       0x10 CMakeFiles/scooter.dir/Users/bturner/Pico/pico-sdk/src/rp2_common/hardware_timer/timer.c.o
                0x10001cfc                timer_time_us_64
 .text.time_us_64
                0x10001d0c       0x14 CMakeFiles/scooter.dir/Users/bturner/Pico/pico-sdk/src/rp2_common/hardware_timer/timer.c.o
                0x10001d0c                time_us_64
 .text.busy_wait_us
                0x10001d20       0x68 CMakeFiles/scooter.dir/Users/bturner/Pico/pico-sdk/src/rp2_common/hardware_timer/timer.c.o
                0x10001d20                busy_wait_us
 .text.busy_wait_until
                0x10001d88       0x20 CMakeFiles/scooter.dir/Users/bturner/Pico/pico-sdk/src/rp2_common/hardware_timer/timer.c.o
                0x10001d88                busy_wait_until
 .text.uart_init
                0x10001da8      0x120 CMakeFiles/scooter.dir/Users/bturner/Pico/pico-sdk/src/rp2_common/hardware_uart/uart.c.o
                0x10001da8                uart_init
 .text.clock_configure_int_divider
                0x10001ec8       0xf4 CMakeFiles/scooter.dir/Users/bturner/Pico/pico-sdk/src/rp2_common/hardware_clocks/clocks.c.o
                0x10001ec8                clock_configure_int_divider
 .text.clock_configure_undivided
                0x10001fbc       0xe8 CMakeFiles/scooter.dir/Users/bturner/Pico/pico-sdk/src/rp2_common/hardware_clocks/clocks.c.o
                0x10001fbc                clock_configure_undivided
 .text.clock_get_hz
                0x100020a4        0xc CMakeFiles/scooter.dir/Users/bturner/Pico/pico-sdk/src/rp2_common/hardware_clocks/clocks.c.o
                0x100020a4                clock_get_hz
 .text.pll_init
                0x100020b0       0xa4 CMakeFiles/scooter.dir/Users/bturner/Pico/pico-sdk/src/rp2_common/hardware_pll/pll.c.o
                0x100020b0                pll_init
 .text.tick_start
                0x10002154       0x10 CMakeFiles/scooter.dir/Users/bturner/Pico/pico-sdk/src/rp2_common/hardware_ticks/ticks.c.o
                0x10002154                tick_start
 .text.rom_func_lookup
                0x10002164       0x10 CMakeFiles/scooter.dir/Users/bturner/Pico/pico-sdk/src/rp2_common/pico_bootrom/bootrom.c.o
                0x10002164                rom_func_lookup
 .text.rom_data_lookup
                0x10002174       0x10 CMakeFiles/scooter.dir/Users/bturner/Pico/pico-sdk/src/rp2_common/pico_bootrom/bootrom.c.o
                0x10002174                rom_data_lookup
 .text.rom_funcs_lookup
                0x10002184       0x44 CMakeFiles/scooter.dir/Users/bturner/Pico/pico-sdk/src/rp2_common/pico_bootrom/bootrom.c.o
                0x10002184                rom_funcs_lookup
 .text.xosc_init
                0x100021c8       0x28 CMakeFiles/scooter.dir/Users/bturner/Pico/pico-sdk/src/rp2_common/hardware_xosc/xosc.c.o
                0x100021c8                xosc_init
 .text.first_per_core_initializer
                0x100021f0        0x4 CMakeFiles/scooter.dir/Users/bturner/Pico/pico-sdk/src/rp2_common/pico_runtime/runtime.c.o
 .text.hard_assertion_failure
                0x100021f4        0xc CMakeFiles/scooter.dir/Users/bturner/Pico/pico-sdk/src/rp2_common/pico_runtime/runtime.c.o
                0x100021f4                hard_assertion_failure
 .text.runtime_run_initializers
                0x10002200       0x28 CMakeFiles/scooter.dir/Users/bturner/Pico/pico-sdk/src/rp2_common/pico_runtime/runtime.c.o
                0x10002200                runtime_run_initializers
 .text.runtime_init_early_resets
                0x10002228       0x2c CMakeFiles/scooter.dir/Users/bturner/Pico/pico-sdk/src/rp2_common/pico_runtime_init/runtime_init.c.o
                0x10002228                runtime_init_early_resets
 .text.runtime_init_usb_power_down
                0x10002254       0x1c CMakeFiles/scooter.dir/Users/bturner/Pico/pico-sdk/src/rp2_common/pico_runtime_init/runtime_init.c.o
                0x10002254                runtime_init_usb_power_down
 .text.runtime_init_post_clock_resets
                0x10002270       0x20 CMakeFiles/scooter.dir/Users/bturner/Pico/pico-sdk/src/rp2_common/pico_runtime_init/runtime_init.c.o
                0x10002270                runtime_init_post_clock_resets
 .text.runtime_init_rp2040_gpio_ie_disable
                0x10002290       0x14 CMakeFiles/scooter.dir/Users/bturner/Pico/pico-sdk/src/rp2_common/pico_runtime_init/runtime_init.c.o
                0x10002290                runtime_init_rp2040_gpio_ie_disable
 .text.runtime_init_spin_locks_reset
                0x100022a4        0x8 CMakeFiles/scooter.dir/Users/bturner/Pico/pico-sdk/src/rp2_common/pico_runtime_init/runtime_init.c.o
                0x100022a4                runtime_init_spin_locks_reset
 .text.runtime_init_install_ram_vector_table
                0x100022ac       0xb4 CMakeFiles/scooter.dir/Users/bturner/Pico/pico-sdk/src/rp2_common/pico_runtime_init/runtime_init.c.o
                0x100022ac                runtime_init_install_ram_vector_table
 .text.runtime_init_clocks
                0x10002360       0xd8 CMakeFiles/scooter.dir/Users/bturner/Pico/pico-sdk/src/rp2_common/pico_runtime_init/runtime_init_clocks.c.o
                0x10002360                runtime_init_clocks
 .text          0x10002438       0x10 CMakeFiles/scooter.dir/Users/bturner/Pico/pico-sdk/src/rp2_common/pico_bit_ops/bit_ops_aeabi.S.o
 .text.__wrap___aeabi_idiv
                0x10002448       0x50 CMakeFiles/scooter.dir/Users/bturner/Pico/pico-sdk/src/rp2_common/pico_divider/divider_hardware.S.o
                0x10002448                __wrap___aeabi_idivmod
                0x10002448                divmod_s32s32
                0x10002448                div_s32s32
                0x10002448                __wrap___aeabi_idiv
                0x10002450                divmod_s32s32_unsafe
                0x1000247c                divmod_s32s32_savestate
 .text.__wrap___aeabi_uidiv
                0x10002498       0x4c CMakeFiles/scooter.dir/Users/bturner/Pico/pico-sdk/src/rp2_common/pico_divider/divider_hardware.S.o
                0x10002498                __wrap___aeabi_uidiv
                0x10002498                __wrap___aeabi_uidivmod
                0x10002498                div_u32u32
                0x10002498                divmod_u32u32
                0x100024a0                divmod_u32u32_unsafe
                0x100024c8                divmod_u32u32_savestate
 .text.__wrap___aeabi_ldiv
                0x100024e4      0x424 CMakeFiles/scooter.dir/Users/bturner/Pico/pico-sdk/src/rp2_common/pico_divider/divider_hardware.S.o
                0x100024e4                __wrap___aeabi_ldivmod
                0x100024e4                div_s64s64
                0x100024e4                divmod_s64s64
                0x10002514                divmod_u64u64
                0x10002514                div_u64u64
                0x10002514                __wrap___aeabi_uldivmod
                0x10002524                divmod_u64u64_savestate
                0x10002544                divmod_s64s64_unsafe
                0x100025cc                divmod_u64u64_unsafe
 .text.__wrap___aeabi_darithmetic
                0x10002908       0x80 CMakeFiles/scooter.dir/Users/bturner/Pico/pico-sdk/src/rp2_common/pico_double/double_aeabi_rp2040.S.o
                0x10002908                __wrap___aeabi_drsub
                0x1000290e                __wrap___aeabi_dsub
                0x10002920                __wrap___aeabi_dadd
                0x10002932                __wrap___aeabi_ddiv
                0x1000296e                __wrap___aeabi_dmul
 .text.__wrap___aeabi_cdcmple
                0x10002988       0x6c CMakeFiles/scooter.dir/Users/bturner/Pico/pico-sdk/src/rp2_common/pico_double/double_aeabi_rp2040.S.o
                0x10002988                __wrap___aeabi_cdrcmple
                0x10002998                __wrap___aeabi_cdcmple
                0x10002998                __wrap___aeabi_cdcmpeq
 .text.__wrap___aeabi_dcmplt
                0x100029f4        0xc CMakeFiles/scooter.dir/Users/bturner/Pico/pico-sdk/src/rp2_common/pico_double/double_aeabi_rp2040.S.o
                0x100029f4                __wrap___aeabi_dcmplt
 .text.__wrap___aeabi_dcmple
                0x10002a00       0x10 CMakeFiles/scooter.dir/Users/bturner/Pico/pico-sdk/src/rp2_common/pico_double/double_aeabi_rp2040.S.o
                0x10002a00                __wrap___aeabi_dcmple
 .text.__wrap___aeabi_dcmpge
                0x10002a10       0x10 CMakeFiles/scooter.dir/Users/bturner/Pico/pico-sdk/src/rp2_common/pico_double/double_aeabi_rp2040.S.o
                0x10002a10                __wrap___aeabi_dcmpge
 .text.__wrap___aeabi_dcmpgt
                0x10002a20        0xa CMakeFiles/scooter.dir/Users/bturner/Pico/pico-sdk/src/rp2_common/pico_double/double_aeabi_rp2040.S.o
                0x10002a20                __wrap___aeabi_dcmpgt
 .text.__wrap___aeabi_dcmpun
                0x10002a2a       0x18 CMakeFiles/scooter.dir/Users/bturner/Pico/pico-sdk/src/rp2_common/pico_double/double_aeabi_rp2040.S.o
                0x10002a2a                __wrap___aeabi_dcmpun
 *fill*         0x10002a42        0x2 
 .text.__wrap___aeabi_i2d
                0x10002a44       0x38 CMakeFiles/scooter.dir/Users/bturner/Pico/pico-sdk/src/rp2_common/pico_double/double_aeabi_rp2040.S.o
                0x10002a44                __wrap___aeabi_ui2d
                0x10002a44                uint2double
                0x10002a4c                __wrap___aeabi_i2d
                0x10002a4c                int2double
 .text.__wrap___aeabi_d2iz
                0x10002a7c       0x48 CMakeFiles/scooter.dir/Users/bturner/Pico/pico-sdk/src/rp2_common/pico_double/double_aeabi_rp2040.S.o
                0x10002a7c                __wrap___aeabi_d2iz
                0x10002a7c                double2int_z
 .text.__wrap___aeabi_d2uiz
                0x10002ac4       0x18 CMakeFiles/scooter.dir/Users/bturner/Pico/pico-sdk/src/rp2_common/pico_double/double_aeabi_rp2040.S.o
                0x10002ac4                double2uint_z
                0x10002ac4                double2uint
                0x10002ac4                __wrap___aeabi_d2uiz
 .text.__aeabi_double_init
                0x10002adc       0xa4 CMakeFiles/scooter.dir/Users/bturner/Pico/pico-sdk/src/rp2_common/pico_double/double_init_rom_rp2040.c.o
                0x10002adc                __aeabi_double_init
 .text.double_table_shim_on_use_helper
                0x10002b80       0x2c CMakeFiles/scooter.dir/Users/bturner/Pico/pico-sdk/src/rp2_common/pico_double/double_v1_rom_shim_rp2040.S.o
                0x10002b80                double_table_shim_on_use_helper
 .text.__wrap___aeabi_dsub
                0x10002bac       0x10 CMakeFiles/scooter.dir/Users/bturner/Pico/pico-sdk/src/rp2_common/pico_double/double_v1_rom_shim_rp2040.S.o
                0x10002bac                drsub_shim
                0x10002bb2                dsub_shim
 .text.dadd_shim
                0x10002bbc      0x15c CMakeFiles/scooter.dir/Users/bturner/Pico/pico-sdk/src/rp2_common/pico_double/double_v1_rom_shim_rp2040.S.o
                0x10002bbc                dadd_shim
 .text.dmul_shim
                0x10002d18      0x15c CMakeFiles/scooter.dir/Users/bturner/Pico/pico-sdk/src/rp2_common/pico_double/double_v1_rom_shim_rp2040.S.o
                0x10002d18                dmul_shim
 .text.ddiv_shim
                0x10002e74      0x1b0 CMakeFiles/scooter.dir/Users/bturner/Pico/pico-sdk/src/rp2_common/pico_double/double_v1_rom_shim_rp2040.S.o
                0x10002e74                ddiv_shim
 .text.double2uint_shim
                0x10003024        0xe CMakeFiles/scooter.dir/Users/bturner/Pico/pico-sdk/src/rp2_common/pico_double/double_v1_rom_shim_rp2040.S.o
                0x10003024                double2uint_shim
                0x10003026                double2ufix_shim
 *fill*         0x10003032        0x2 
 .text.double2uint64_shim
                0x10003034       0x70 CMakeFiles/scooter.dir/Users/bturner/Pico/pico-sdk/src/rp2_common/pico_double/double_v1_rom_shim_rp2040.S.o
                0x10003034                double2uint64_shim
                0x10003036                double2ufix64_shim
                0x10003056                d2fix_a
 .text.dunpacks
                0x100030a4       0x3c CMakeFiles/scooter.dir/Users/bturner/Pico/pico-sdk/src/rp2_common/pico_double/double_v1_rom_shim_rp2040.S.o
                0x100030a4                dunpacks
 .text.__aeabi_lmul
                0x100030e0       0x32 CMakeFiles/scooter.dir/Users/bturner/Pico/pico-sdk/src/rp2_common/pico_int64_ops/pico_int64_ops_aeabi.S.o
                0x100030e0                __wrap___aeabi_lmul
 *fill*         0x10003112        0x2 
 .text.__wrap___aeabi_farithmetic
                0x10003114       0x48 CMakeFiles/scooter.dir/Users/bturner/Pico/pico-sdk/src/rp2_common/pico_float/float_aeabi_rp2040.S.o
                0x10003114                __wrap___aeabi_frsub
                0x1000311a                __wrap___aeabi_fsub
                0x10003120                __wrap___aeabi_fadd
                0x10003126                __wrap___aeabi_fdiv
                0x1000314e                __wrap___aeabi_fmul
 .text.__wrap___aeabi_cfcmple
                0x1000315c       0x50 CMakeFiles/scooter.dir/Users/bturner/Pico/pico-sdk/src/rp2_common/pico_float/float_aeabi_rp2040.S.o
                0x1000315c                __wrap___aeabi_cfrcmple
                0x10003168                __wrap___aeabi_cfcmpeq
                0x10003168                __wrap___aeabi_cfcmple
 .text.__wrap___aeabi_fcmplt
                0x100031ac        0xc CMakeFiles/scooter.dir/Users/bturner/Pico/pico-sdk/src/rp2_common/pico_float/float_aeabi_rp2040.S.o
                0x100031ac                __wrap___aeabi_fcmplt
 .text.__wrap___aeabi_fcmpgt
                0x100031b8        0xa CMakeFiles/scooter.dir/Users/bturner/Pico/pico-sdk/src/rp2_common/pico_float/float_aeabi_rp2040.S.o
                0x100031b8                __wrap___aeabi_fcmpgt
 .text.__wrap___aeabi_ui2f
                0x100031c2        0xa CMakeFiles/scooter.dir/Users/bturner/Pico/pico-sdk/src/rp2_common/pico_float/float_aeabi_rp2040.S.o
                0x100031c2                uint2float
                0x100031c2                __wrap___aeabi_ui2f
 .text.__wrap___aeabi_i2f
                0x100031cc       0x44 CMakeFiles/scooter.dir/Users/bturner/Pico/pico-sdk/src/rp2_common/pico_float/float_aeabi_rp2040.S.o
                0x100031cc                int2float
                0x100031cc                __wrap___aeabi_i2f
 .text.__wrap___aeabi_ul2f
                0x10003210       0x20 CMakeFiles/scooter.dir/Users/bturner/Pico/pico-sdk/src/rp2_common/pico_float/float_aeabi_rp2040.S.o
                0x10003214                __wrap___aeabi_ul2f
                0x10003214                uint642float
 .text.__wrap___aeabi_f2d
                0x10003230       0x14 CMakeFiles/scooter.dir/Users/bturner/Pico/pico-sdk/src/rp2_common/pico_float/float_aeabi_rp2040.S.o
                0x10003230                __wrap___aeabi_f2d
 .text.__aeabi_float_init
                0x10003244       0x64 CMakeFiles/scooter.dir/Users/bturner/Pico/pico-sdk/src/rp2_common/pico_float/float_init_rom_rp2040.c.o
                0x10003244                __aeabi_float_init
 .text.float_table_shim_on_use_helper
                0x100032a8       0x2c CMakeFiles/scooter.dir/Users/bturner/Pico/pico-sdk/src/rp2_common/pico_float/float_v1_rom_shim_rp2040.S.o
                0x100032a8                float_table_shim_on_use_helper
 .text.642float_shims
                0x100032d4       0x44 CMakeFiles/scooter.dir/Users/bturner/Pico/pico-sdk/src/rp2_common/pico_float/float_v1_rom_shim_rp2040.S.o
                0x100032d4                uint642float_shim
                0x100032d6                ufix642float_shim
                0x100032e6                int642float_shim
                0x100032e8                fix642float_shim
 .text.float2double_shim
                0x10003318       0x30 CMakeFiles/scooter.dir/Users/bturner/Pico/pico-sdk/src/rp2_common/pico_float/float_v1_rom_shim_rp2040.S.o
                0x10003318                float2double_shim
 .text          0x10003348       0x10 CMakeFiles/scooter.dir/Users/bturner/Pico/pico-sdk/src/rp2_common/pico_mem_ops/mem_ops_aeabi.S.o
                0x10003348                __aeabi_mem_init
 .text.memcpy   0x10003358        0xc CMakeFiles/scooter.dir/Users/bturner/Pico/pico-sdk/src/rp2_common/pico_mem_ops/mem_ops_aeabi.S.o
                0x10003358                __wrap___aeabi_memcpy
                0x10003358                __wrap_memcpy
 .text._out_buffer
                0x10003364        0x8 CMakeFiles/scooter.dir/Users/bturner/Pico/pico-sdk/src/rp2_common/pico_printf/printf.c.o
 .text._out_null
                0x1000336c        0x4 CMakeFiles/scooter.dir/Users/bturner/Pico/pico-sdk/src/rp2_common/pico_printf/printf.c.o
 .text._out_rev
                0x10003370       0xac CMakeFiles/scooter.dir/Users/bturner/Pico/pico-sdk/src/rp2_common/pico_printf/printf.c.o
 .text._ntoa_format
                0x1000341c      0x1cc CMakeFiles/scooter.dir/Users/bturner/Pico/pico-sdk/src/rp2_common/pico_printf/printf.c.o
 .text._out_char
                0x100035e8       0x10 CMakeFiles/scooter.dir/Users/bturner/Pico/pico-sdk/src/rp2_common/pico_printf/printf.c.o
 .text._ftoa    0x100035f8      0x4a8 CMakeFiles/scooter.dir/Users/bturner/Pico/pico-sdk/src/rp2_common/pico_printf/printf.c.o
 .text._etoa    0x10003aa0      0x57c CMakeFiles/scooter.dir/Users/bturner/Pico/pico-sdk/src/rp2_common/pico_printf/printf.c.o
 .text._vsnprintf
                0x1000401c      0xbe0 CMakeFiles/scooter.dir/Users/bturner/Pico/pico-sdk/src/rp2_common/pico_printf/printf.c.o
 .text.__wrap_snprintf
                0x10004bfc       0x28 CMakeFiles/scooter.dir/Users/bturner/Pico/pico-sdk/src/rp2_common/pico_printf/printf.c.o
                0x10004bfc                __wrap_snprintf
 .text.weak_raw_vprintf
                0x10004c24       0x30 CMakeFiles/scooter.dir/Users/bturner/Pico/pico-sdk/src/rp2_common/pico_printf/printf.c.o
                0x10004c24                weak_raw_vprintf
 .text._exit    0x10004c54        0x4 CMakeFiles/scooter.dir/Users/bturner/Pico/pico-sdk/src/rp2_common/pico_clib_interface/newlib_interface.c.o
                0x10004c54                _exit
 .text.exit     0x10004c58        0x8 CMakeFiles/scooter.dir/Users/bturner/Pico/pico-sdk/src/rp2_common/pico_clib_interface/newlib_interface.c.o
                0x10004c58                exit
 .text.runtime_init
                0x10004c60       0x2c CMakeFiles/scooter.dir/Users/bturner/Pico/pico-sdk/src/rp2_common/pico_clib_interface/newlib_interface.c.o
                0x10004c60                runtime_init
 .text.stdio_out_chars_no_crlf
                0x10004c8c       0x10 CMakeFiles/scooter.dir/Users/bturner/Pico/pico-sdk/src/rp2_common/pico_stdio/stdio.c.o
 .text.stdio_out_chars_crlf
                0x10004c9c       0xb0 CMakeFiles/scooter.dir/Users/bturner/Pico/pico-sdk/src/rp2_common/pico_stdio/stdio.c.o
 .text.stdio_put_string
                0x10004d4c       0xfc CMakeFiles/scooter.dir/Users/bturner/Pico/pico-sdk/src/rp2_common/pico_stdio/stdio.c.o
                0x10004d4c                stdio_put_string
 .text.stdio_set_driver_enabled
                0x10004e48       0x30 CMakeFiles/scooter.dir/Users/bturner/Pico/pico-sdk/src/rp2_common/pico_stdio/stdio.c.o
                0x10004e48                stdio_set_driver_enabled
 .text.stdio_init_all
                0x10004e78        0xc CMakeFiles/scooter.dir/Users/bturner/Pico/pico-sdk/src/rp2_common/pico_stdio/stdio.c.o
                0x10004e78                stdio_init_all
 .text.__wrap_putchar
                0x10004e84       0x94 CMakeFiles/scooter.dir/Users/bturner/Pico/pico-sdk/src/rp2_common/pico_stdio/stdio.c.o
                0x10004e84                stdio_putchar
                0x10004e84                __wrap_putchar
 .text.__wrap_puts
                0x10004f18       0x3c CMakeFiles/scooter.dir/Users/bturner/Pico/pico-sdk/src/rp2_common/pico_stdio/stdio.c.o
                0x10004f18                __wrap_puts
                0x10004f18                stdio_puts
 .text.stdio_uart_out_chars
                0x10004f54       0x4c CMakeFiles/scooter.dir/Users/bturner/Pico/pico-sdk/src/rp2_common/pico_stdio_uart/stdio_uart.c.o
 .text.stdio_uart_in_chars
                0x10004fa0       0x90 CMakeFiles/scooter.dir/Users/bturner/Pico/pico-sdk/src/rp2_common/pico_stdio_uart/stdio_uart.c.o
                0x10004fa0                stdio_uart_in_chars
 .text.on_uart_rx
                0x10005030       0x28 CMakeFiles/scooter.dir/Users/bturner/Pico/pico-sdk/src/rp2_common/pico_stdio_uart/stdio_uart.c.o
 .text.stdio_uart_out_flush
                0x10005058       0x14 CMakeFiles/scooter.dir/Users/bturner/Pico/pico-sdk/src/rp2_common/pico_stdio_uart/stdio_uart.c.o
 .text.stdio_uart_set_chars_available_callback
                0x1000506c       0x84 CMakeFiles/scooter.dir/Users/bturner/Pico/pico-sdk/src/rp2_common/pico_stdio_uart/stdio_uart.c.o
 .text.stdio_uart_init
                0x100050f0       0x50 CMakeFiles/scooter.dir/Users/bturner/Pico/pico-sdk/src/rp2_common/pico_stdio_uart/stdio_uart.c.o
                0x100050f0                stdio_uart_init
 .text.adc_init
                0x10005140       0x38 CMakeFiles/scooter.dir/Users/bturner/Pico/pico-sdk/src/rp2_common/hardware_adc/adc.c.o
                0x10005140                adc_init
 .text.i2c_write_blocking_internal.constprop.0
                0x10005178       0xf8 CMakeFiles/scooter.dir/Users/bturner/Pico/pico-sdk/src/rp2_common/hardware_i2c/i2c.c.o
 .text.i2c_set_baudrate
                0x10005270       0xc0 CMakeFiles/scooter.dir/Users/bturner/Pico/pico-sdk/src/rp2_common/hardware_i2c/i2c.c.o
                0x10005270                i2c_set_baudrate
 .text.i2c_init
                0x10005330       0x50 CMakeFiles/scooter.dir/Users/bturner/Pico/pico-sdk/src/rp2_common/hardware_i2c/i2c.c.o
                0x10005330                i2c_init
 .text.i2c_write_blocking
                0x10005380       0x14 CMakeFiles/scooter.dir/Users/bturner/Pico/pico-sdk/src/rp2_common/hardware_i2c/i2c.c.o
                0x10005380                i2c_write_blocking
 .text.strlen   0x10005394       0x5c /Applications/ArmGNUToolchain/14.3.rel1/arm-none-eabi/bin/../lib/gcc/arm-none-eabi/14.3.1/../../../../arm-none-eabi/lib/thumb/v6-m/nofp/libg.a(libc_a-strlen-stub.o)
                0x10005394                strlen
 *(.fini)
 .fini          0x100053f0        0x4 /Applications/ArmGNUToolchain/14.3.rel1/arm-none-eabi/bin/../lib/gcc/arm-none-eabi/14.3.1/thumb/v6-m/nofp/crti.o
                0x100053f0                _fini
 *fill*         0x100053f4        0x4 
 .fini.__stub   0x100053f8       0x40 linker stubs
 *crtbegin.o(.ctors)
 *crtbegin?.o(.ctors)
 *(EXCLUDE_FILE(*crtend.o *crtend?.o) .ctors)
 *(SORT_BY_NAME(.ctors.*))
 *(.ctors)
 *crtbegin.o(.dtors)
 *crtbegin?.o(.dtors)
 *(EXCLUDE_FILE(*crtend.o *crtend?.o) .dtors)
 *(SORT_BY_NAME(.dtors.*))
 *(.dtors)
                0x10005438                        . = ALIGN (0x4)
                0x10005438                        PROVIDE (__preinit_array_start = .)
 *(SORT_BY_NAME(.preinit_array.*))
 .preinit_array.00100
                0x10005438        0x4 CMakeFiles/scooter.dir/Users/bturner/Pico/pico-sdk/src/rp2_common/pico_runtime_init/runtime_init.c.o
                0x10005438                __pre_init_runtime_init_early_resets
 .preinit_array.00101
                0x1000543c        0x4 CMakeFiles/scooter.dir/Users/bturner/Pico/pico-sdk/src/rp2_common/pico_runtime_init/runtime_init.c.o
                0x1000543c                __pre_init_runtime_init_usb_power_down
 .preinit_array.00275
                0x10005440        0x4 CMakeFiles/scooter.dir/Users/bturner/Pico/pico-sdk/src/rp2_common/pico_bit_ops/bit_ops_aeabi.S.o
 .preinit_array.00300
                0x10005444        0x4 CMakeFiles/scooter.dir/Users/bturner/Pico/pico-sdk/src/rp2_common/pico_mem_ops/mem_ops_aeabi.S.o
 .preinit_array.00350
                0x10005448        0x4 CMakeFiles/scooter.dir/Users/bturner/Pico/pico-sdk/src/rp2_common/pico_double/double_aeabi_rp2040.S.o
 .preinit_array.00350
                0x1000544c        0x4 CMakeFiles/scooter.dir/Users/bturner/Pico/pico-sdk/src/rp2_common/pico_float/float_aeabi_rp2040.S.o
 .preinit_array.00500
                0x10005450        0x4 CMakeFiles/scooter.dir/Users/bturner/Pico/pico-sdk/src/rp2_common/pico_runtime_init/runtime_init.c.o
                0x10005450                __pre_init_runtime_init_clocks
 .preinit_array.00600
                0x10005454        0x4 CMakeFiles/scooter.dir/Users/bturner/Pico/pico-sdk/src/rp2_common/pico_runtime_init/runtime_init.c.o
                0x10005454                __pre_init_runtime_init_post_clock_resets
 .preinit_array.00700
                0x10005458        0x4 CMakeFiles/scooter.dir/Users/bturner/Pico/pico-sdk/src/rp2_common/pico_runtime_init/runtime_init.c.o
                0x10005458                __pre_init_runtime_init_rp2040_gpio_ie_disable
 .preinit_array.01000
                0x1000545c        0x4 CMakeFiles/scooter.dir/Users/bturner/Pico/pico-sdk/src/rp2_common/pico_runtime_init/runtime_init.c.o
                0x1000545c                __pre_init_runtime_init_spin_locks_reset
 .preinit_array.01100
                0x10005460        0x4 CMakeFiles/scooter.dir/Users/bturner/Pico/pico-sdk/src/common/pico_sync/mutex.c.o
                0x10005460                __pre_init_runtime_init_mutex
 .preinit_array.10080
                0x10005464        0x4 CMakeFiles/scooter.dir/Users/bturner/Pico/pico-sdk/src/rp2_common/pico_runtime_init/runtime_init.c.o
                0x10005464                __pre_init_runtime_init_install_ram_vector_table
 .preinit_array.11000
                0x10005468        0x4 CMakeFiles/scooter.dir/Users/bturner/Pico/pico-sdk/src/common/pico_time/time.c.o
                0x10005468                __pre_init_runtime_init_default_alarm_pool
 .preinit_array.YYYYY
                0x1000546c        0x4 CMakeFiles/scooter.dir/Users/bturner/Pico/pico-sdk/src/rp2_common/pico_runtime/runtime.c.o
                0x1000546c                __pre_init_first_per_core_initializer
 .preinit_array.ZZZZZ.01200
                0x10005470        0x4 CMakeFiles/scooter.dir/Users/bturner/Pico/pico-sdk/src/rp2_common/hardware_irq/irq.c.o
                0x10005470                __pre_init_runtime_init_per_core_irq_priorities
 *(.preinit_array)
                0x10005474                        PROVIDE (__preinit_array_end = .)
                0x10005474                        . = ALIGN (0x4)
                0x10005474                        PROVIDE (__init_array_start = .)
 *(SORT_BY_NAME(.init_array.*))
 *(.init_array)
 .init_array    0x10005474        0x4 /Applications/ArmGNUToolchain/14.3.rel1/arm-none-eabi/bin/../lib/gcc/arm-none-eabi/14.3.1/thumb/v6-m/nofp/crtbegin.o
                0x10005478                        PROVIDE (__init_array_end = .)
                0x10005478                        . = ALIGN (0x4)
                [!provide]                        PROVIDE (__fini_array_start = .)
 *(SORT_BY_NAME(.fini_array.*))
 *(.fini_array)
                [!provide]                        PROVIDE (__fini_array_end = .)
 *(.eh_frame*)
 .eh_frame      0x10005478        0x0 /Applications/ArmGNUToolchain/14.3.rel1/arm-none-eabi/bin/../lib/gcc/arm-none-eabi/14.3.1/thumb/v6-m/nofp/crtbegin.o
                0x10005478                        . = ALIGN (0x4)

.glue_7         0x10005478        0x0
 .glue_7        0x10005478        0x0 linker stubs

.glue_7t        0x10005478        0x0
 .glue_7t       0x10005478        0x0 linker stubs

.vfp11_veneer   0x10005478        0x0
 .vfp11_veneer  0x10005478        0x0 linker stubs

.v4_bx          0x10005478        0x0
 .v4_bx         0x10005478        0x0 linker stubs

.iplt           0x10005478        0x0
 .iplt          0x10005478        0x0 /Applications/ArmGNUToolchain/14.3.rel1/arm-none-eabi/bin/../lib/gcc/arm-none-eabi/14.3.1/thumb/v6-m/nofp/crtbegin.o

.rodata         0x10005478      0x340
 *(EXCLUDE_FILE(*libm.a: *libc.a:*lib_a-mem*.o *libgcc.a:) .rodata*)
 .rodata.main.str1.4
                0x10005478       0xdc CMakeFiles/scooter.dir/main.c.o
                                 0x12 (size before relaxing)
 .rodata.panic.str1.4
                0x10005554       0x12 CMakeFiles/scooter.dir/Users/bturner/Pico/pico-sdk/src/rp2_common/pico_platform_panic/panic.c.o
 .rodata.timer_hardware_alarm_claim.str1.4
                0x10005554       0x22 CMakeFiles/scooter.dir/Users/bturner/Pico/pico-sdk/src/rp2_common/hardware_timer/timer.c.o
 .rodata.hard_assertion_failure.str1.4
                0x10005554        0xc CMakeFiles/scooter.dir/Users/bturner/Pico/pico-sdk/src/rp2_common/pico_runtime/runtime.c.o
 .rodata.str1.4
                0x10005554       0x3c CMakeFiles/scooter.dir/Users/bturner/Pico/pico-sdk/src/rp2_common/pico_standard_binary_info/standard_binary_info.c.o
 .rodata.__bi_84
                0x10005554        0xc CMakeFiles/scooter.dir/Users/bturner/Pico/pico-sdk/src/rp2_common/pico_standard_binary_info/standard_binary_info.c.o
 .rodata.__bi_78
                0x10005560        0xc CMakeFiles/scooter.dir/Users/bturner/Pico/pico-sdk/src/rp2_common/pico_standard_binary_info/standard_binary_info.c.o
 .rodata.__bi_54
                0x1000556c        0xc CMakeFiles/scooter.dir/Users/bturner/Pico/pico-sdk/src/rp2_common/pico_standard_binary_info/standard_binary_info.c.o
 .rodata.__bi_48
                0x10005578        0xc CMakeFiles/scooter.dir/Users/bturner/Pico/pico-sdk/src/rp2_common/pico_standard_binary_info/standard_binary_info.c.o
 .rodata.__bi_42
                0x10005584        0xc CMakeFiles/scooter.dir/Users/bturner/Pico/pico-sdk/src/rp2_common/pico_standard_binary_info/standard_binary_info.c.o
 .rodata.__bi_34
                0x10005590        0xc CMakeFiles/scooter.dir/Users/bturner/Pico/pico-sdk/src/rp2_common/pico_standard_binary_info/standard_binary_info.c.o
 .rodata.__bi_26
                0x1000559c        0xc CMakeFiles/scooter.dir/Users/bturner/Pico/pico-sdk/src/rp2_common/pico_standard_binary_info/standard_binary_info.c.o
 .rodata._ftoa.str1.4
                0x100055a8       0x15 CMakeFiles/scooter.dir/Users/bturner/Pico/pico-sdk/src/rp2_common/pico_printf/printf.c.o
 .rodata._vsnprintf
                0x100055a8      0x19c CMakeFiles/scooter.dir/Users/bturner/Pico/pico-sdk/src/rp2_common/pico_printf/printf.c.o
 *fill*         0x10005744        0x4 
 .rodata.pow10.0
                0x10005748       0x50 CMakeFiles/scooter.dir/Users/bturner/Pico/pico-sdk/src/rp2_common/pico_printf/printf.c.o
 .rodata.crlf_str.0
                0x10005798        0x2 CMakeFiles/scooter.dir/Users/bturner/Pico/pico-sdk/src/rp2_common/pico_stdio/stdio.c.o
 .rodata.str1.4
                0x1000579a       0x2c CMakeFiles/scooter.dir/Users/bturner/Pico/pico-sdk/src/rp2_common/pico_stdio_uart/stdio_uart.c.o
 *fill*         0x1000579a        0x2 
 .rodata.__bi_45.4
                0x1000579c        0xc CMakeFiles/scooter.dir/Users/bturner/Pico/pico-sdk/src/rp2_common/pico_stdio_uart/stdio_uart.c.o
 .rodata.__bi_49.5
                0x100057a8        0x8 CMakeFiles/scooter.dir/Users/bturner/Pico/pico-sdk/src/rp2_common/pico_stdio_uart/stdio_uart.c.o
 .rodata.__bi_50.6
                0x100057b0        0x8 CMakeFiles/scooter.dir/Users/bturner/Pico/pico-sdk/src/rp2_common/pico_stdio_uart/stdio_uart.c.o
                0x100057b8                        . = ALIGN (0x4)
 *(SORT_BY_ALIGNMENT(SORT_BY_NAME(.flashdata*)))
                0x100057b8                        . = ALIGN (0x4)

.ARM.extab
 *(.ARM.extab* .gnu.linkonce.armextab.*)
                0x100057b8                        __exidx_start = .

.ARM.exidx
 *(.ARM.exidx* .gnu.linkonce.armexidx.*)
                0x100057b8                        __exidx_end = .
                0x100057b8                        . = ALIGN (0x4)
                0x100057b8                        __binary_info_start = .

.binary_info    0x100057b8       0x28
 *(.binary_info.keep.*)
 .binary_info.keep.__bi_ptr84
                0x100057b8        0x4 CMakeFiles/scooter.dir/Users/bturner/Pico/pico-sdk/src/rp2_common/pico_standard_binary_info/standard_binary_info.c.o
 .binary_info.keep.__bi_ptr78
                0x100057bc        0x4 CMakeFiles/scooter.dir/Users/bturner/Pico/pico-sdk/src/rp2_common/pico_standard_binary_info/standard_binary_info.c.o
 .binary_info.keep.__bi_ptr54
                0x100057c0        0x4 CMakeFiles/scooter.dir/Users/bturner/Pico/pico-sdk/src/rp2_common/pico_standard_binary_info/standard_binary_info.c.o
 .binary_info.keep.__bi_ptr48
                0x100057c4        0x4 CMakeFiles/scooter.dir/Users/bturner/Pico/pico-sdk/src/rp2_common/pico_standard_binary_info/standard_binary_info.c.o
 .binary_info.keep.__bi_ptr42
                0x100057c8        0x4 CMakeFiles/scooter.dir/Users/bturner/Pico/pico-sdk/src/rp2_common/pico_standard_binary_info/standard_binary_info.c.o
 .binary_info.keep.__bi_ptr34
                0x100057cc        0x4 CMakeFiles/scooter.dir/Users/bturner/Pico/pico-sdk/src/rp2_common/pico_standard_binary_info/standard_binary_info.c.o
 .binary_info.keep.__bi_ptr26
                0x100057d0        0x4 CMakeFiles/scooter.dir/Users/bturner/Pico/pico-sdk/src/rp2_common/pico_standard_binary_info/standard_binary_info.c.o
 *(.binary_info.*)
 .binary_info.__bi_ptr50
                0x100057d4        0x4 CMakeFiles/scooter.dir/Users/bturner/Pico/pico-sdk/src/rp2_common/pico_stdio_uart/stdio_uart.c.o
 .binary_info.__bi_ptr49
                0x100057d8        0x4 CMakeFiles/scooter.dir/Users/bturner/Pico/pico-sdk/src/rp2_common/pico_stdio_uart/stdio_uart.c.o
 .binary_info.__bi_ptr45
                0x100057dc        0x4 CMakeFiles/scooter.dir/Users/bturner/Pico/pico-sdk/src/rp2_common/pico_stdio_uart/stdio_uart.c.o
                0x100057e0                        __binary_info_end = .
                0x100057e0                        . = ALIGN (0x4)

.ram_vector_table
                0x20000000       0xc0
 *(.ram_vector_table)
 .ram_vector_table
                0x20000000       0xc0 CMakeFiles/scooter.dir/Users/bturner/Pico/pico-sdk/src/rp2_common/pico_runtime_init/runtime_init.c.o
                0x20000000                ram_vector_table

.uninitialized_data
                0x200000c0        0x0
                0x200000c0                        . = ALIGN (0x4)
 *(.uninitialized_data*)

.data           0x200000c0      0x188 load address 0x100057e0
                0x200000c0                        __data_start__ = .
 *(vtable)
 *(.time_critical*)
 .time_critical.mutex_try_enter_block_until
                0x200000c0       0x98 CMakeFiles/scooter.dir/Users/bturner/Pico/pico-sdk/src/common/pico_sync/mutex.c.o
                0x200000c0                mutex_try_enter_block_until
 .time_critical.mutex_exit
                0x20000158       0x28 CMakeFiles/scooter.dir/Users/bturner/Pico/pico-sdk/src/common/pico_sync/mutex.c.o
                0x20000158                mutex_exit
 *(.text*)
 .text          0x20000180        0x4 /Applications/ArmGNUToolchain/14.3.rel1/arm-none-eabi/bin/../lib/gcc/arm-none-eabi/14.3.1/thumb/v6-m/nofp/libgcc.a(_dvmd_tls.o)
                0x20000180                __aeabi_ldiv0
                0x20000180                __aeabi_idiv0
 *fill*         0x20000184        0x4 
 .text.__stub   0x20000188       0x10 linker stubs
                0x20000198                        . = ALIGN (0x4)
 *(.rodata*)
                0x20000198                        . = ALIGN (0x4)
 *(.data*)
 .data.striped_spin_lock_num
                0x20000198        0x1 CMakeFiles/scooter.dir/Users/bturner/Pico/pico-sdk/src/rp2_common/hardware_sync/sync.c.o
 *fill*         0x20000199        0x3 
 .data          0x2000019c       0x48 CMakeFiles/scooter.dir/Users/bturner/Pico/pico-sdk/src/rp2_common/hardware_irq/irq_handler_chain.S.o
                0x2000019c                irq_handler_chain_slots
                0x200001cc                irq_handler_chain_first_slot
                0x200001d6                irq_handler_chain_remove_tail
 .data.default_alarm_pool
                0x200001e4       0x18 CMakeFiles/scooter.dir/Users/bturner/Pico/pico-sdk/src/common/pico_time/time.c.o
 *fill*         0x200001fc        0x4 
 .data.aeabi_bits_funcs
                0x20000200       0x10 CMakeFiles/scooter.dir/Users/bturner/Pico/pico-sdk/src/rp2_common/pico_bit_ops/bit_ops_aeabi.S.o
                0x20000200                aeabi_bits_funcs
                0x20000210                aeabi_bits_funcs_end
 .data.aeabi_mem_funcs
                0x20000210       0x10 CMakeFiles/scooter.dir/Users/bturner/Pico/pico-sdk/src/rp2_common/pico_mem_ops/mem_ops_aeabi.S.o
                0x20000210                aeabi_mem_funcs
                0x20000220                aeabi_mem_funcs_end
 .data.stdio_uart
                0x20000220       0x18 CMakeFiles/scooter.dir/Users/bturner/Pico/pico-sdk/src/rp2_common/pico_stdio_uart/stdio_uart.c.o
                0x20000220                stdio_uart
 .data.i2c0_inst
                0x20000238        0x8 CMakeFiles/scooter.dir/Users/bturner/Pico/pico-sdk/src/rp2_common/hardware_i2c/i2c.c.o
                0x20000238                i2c0_inst
                0x20000240                        . = ALIGN (0x4)
 *(.after_data.*)
                0x20000240                        . = ALIGN (0x4)
                0x20000240                        PROVIDE (__mutex_array_start = .)
 *(SORT_BY_NAME(.mutex_array.*))
 *(.mutex_array)
 .mutex_array   0x20000240        0x8 CMakeFiles/scooter.dir/Users/bturner/Pico/pico-sdk/src/rp2_common/pico_stdio/stdio.c.o
                0x20000248                        PROVIDE (__mutex_array_end = .)
                0x20000248                        . = ALIGN (0x4)
 *(.jcr)
                0x20000248                        . = ALIGN (0x4)

.tm_clone_table
                0x20000248        0x0 load address 0x10005968
 .tm_clone_table
                0x20000248        0x0 /Applications/ArmGNUToolchain/14.3.rel1/arm-none-eabi/bin/../lib/gcc/arm-none-eabi/14.3.1/thumb/v6-m/nofp/crtbegin.o
 .tm_clone_table
                0x20000248        0x0 /Applications/ArmGNUToolchain/14.3.rel1/arm-none-eabi/bin/../lib/gcc/arm-none-eabi/14.3.1/thumb/v6-m/nofp/crtend.o

.igot.plt       0x20000248        0x0 load address 0x10005968
 .igot.plt      0x20000248        0x0 /Applications/ArmGNUToolchain/14.3.rel1/arm-none-eabi/bin/../lib/gcc/arm-none-eabi/14.3.1/thumb/v6-m/nofp/crtbegin.o

.tdata          0x20000248        0x0 load address 0x10005968
                0x20000248                        . = ALIGN (0x4)
 *(.tdata .tdata.* .gnu.linkonce.td.*)
                0x20000248                        __tdata_end = .
                0x20000248                        PROVIDE (__data_end__ = .)
                0x100057e0                        __etext = LOADADDR (.data)

.tbss           0x20000248        0x0 load address 0x10005968
                0x20000248                        . = ALIGN (0x4)
                0x20000248                        __bss_start__ = .
                0x20000248                        __tls_base = .
 *(.tbss .tbss.* .gnu.linkonce.tb.*)
 *(.tcommon)
                0x20000248                        __tls_end = .

.bss            0x20000248      0x418 load address 0x10005968
                0x20000248                        . = ALIGN (0x4)
                0x20000248                        __tbss_end = .
 *(SORT_BY_ALIGNMENT(SORT_BY_NAME(.bss*)))
 .bss.default_alarm_pool_entries
                0x20000248      0x180 CMakeFiles/scooter.dir/Users/bturner/Pico/pico-sdk/src/common/pico_time/time.c.o
 .bss.last_pulse_time
                0x200003c8        0x8 CMakeFiles/scooter.dir/main.c.o
                0x200003c8                last_pulse_time
 .bss.sd_table  0x200003d0      0x100 CMakeFiles/scooter.dir/Users/bturner/Pico/pico-sdk/src/rp2_common/pico_double/double_init_rom_rp2040.c.o
                0x200003d0                sd_table
 .bss.sf_table  0x200004d0      0x100 CMakeFiles/scooter.dir/Users/bturner/Pico/pico-sdk/src/rp2_common/pico_float/float_init_rom_rp2040.c.o
                0x200004d0                sf_table
 .bss.callbacks
                0x200005d0        0x8 CMakeFiles/scooter.dir/Users/bturner/Pico/pico-sdk/src/rp2_common/hardware_gpio/gpio.c.o
 .bss.chars_available_callback
                0x200005d8        0x4 CMakeFiles/scooter.dir/Users/bturner/Pico/pico-sdk/src/rp2_common/pico_stdio_uart/stdio_uart.c.o
 .bss.chars_available_param
                0x200005dc        0x4 CMakeFiles/scooter.dir/Users/bturner/Pico/pico-sdk/src/rp2_common/pico_stdio_uart/stdio_uart.c.o
 .bss.claimed   0x200005e0        0x1 CMakeFiles/scooter.dir/Users/bturner/Pico/pico-sdk/src/rp2_common/hardware_timer/timer.c.o
 *fill*         0x200005e1        0x3 
 .bss.configured_freq
                0x200005e4       0x28 CMakeFiles/scooter.dir/Users/bturner/Pico/pico-sdk/src/rp2_common/hardware_clocks/clocks.c.o
 .bss.drivers   0x2000060c        0x4 CMakeFiles/scooter.dir/Users/bturner/Pico/pico-sdk/src/rp2_common/pico_stdio/stdio.c.o
 .bss.filter    0x20000610        0x4 CMakeFiles/scooter.dir/Users/bturner/Pico/pico-sdk/src/rp2_common/pico_stdio/stdio.c.o
 .bss.lazy_vsnprintf
                0x20000614        0x4 CMakeFiles/scooter.dir/Users/bturner/Pico/pico-sdk/src/rp2_common/pico_printf/printf.c.o
 .bss.object.0  0x20000618       0x18 /Applications/ArmGNUToolchain/14.3.rel1/arm-none-eabi/bin/../lib/gcc/arm-none-eabi/14.3.1/thumb/v6-m/nofp/crtbegin.o
 .bss.pools     0x20000630       0x10 CMakeFiles/scooter.dir/Users/bturner/Pico/pico-sdk/src/common/pico_time/time.c.o
 .bss.raw_irq_mask
                0x20000640        0x8 CMakeFiles/scooter.dir/Users/bturner/Pico/pico-sdk/src/rp2_common/hardware_gpio/gpio.c.o
 .bss.sf_clz_func
                0x20000648        0x4 CMakeFiles/scooter.dir/Users/bturner/Pico/pico-sdk/src/rp2_common/pico_double/double_init_rom_rp2040.c.o
                0x20000648                sf_clz_func
 .bss.sleep_notifier
                0x2000064c        0x4 CMakeFiles/scooter.dir/Users/bturner/Pico/pico-sdk/src/common/pico_time/time.c.o
 .bss.uart_char_to_line_feed
                0x20000650        0x4 CMakeFiles/scooter.dir/Users/bturner/Pico/pico-sdk/src/rp2_common/hardware_uart/uart.c.o
                0x20000650                uart_char_to_line_feed
 .bss.uart_instance
                0x20000654        0x4 CMakeFiles/scooter.dir/Users/bturner/Pico/pico-sdk/src/rp2_common/pico_stdio_uart/stdio_uart.c.o
 .bss.wheel_speed
                0x20000658        0x4 CMakeFiles/scooter.dir/main.c.o
                0x20000658                wheel_speed
 .bss.irq_handler_chain_free_slot_head
                0x2000065c        0x1 CMakeFiles/scooter.dir/Users/bturner/Pico/pico-sdk/src/rp2_common/hardware_irq/irq.c.o
 *(COMMON)
                0x20000660                        . = ALIGN (0x4)
 *fill*         0x2000065d        0x3 
                0x20000660                        __bss_end__ = .

.heap           0x20000660      0x800 load address 0x10005968
                0x20000660                        __end__ = .
                0x20000660                        end = __end__
 *(.heap*)
 .heap          0x20000660      0x800 CMakeFiles/scooter.dir/Users/bturner/Pico/pico-sdk/src/rp2_common/pico_crt0/crt0.S.o
                0x20040000                        __HeapLimit = (ORIGIN (RAM) + LENGTH (RAM))

.scratch_x      0x20040000        0x0 load address 0x10005968
                0x20040000                        __scratch_x_start__ = .
 *(.scratch_x.*)
                0x20040000                        . = ALIGN (0x4)
                0x20040000                        __scratch_x_end__ = .
                0x10005968                        __scratch_x_source__ = LOADADDR (.scratch_x)

.scratch_y      0x20041000        0x0 load address 0x10005968
                0x20041000                        __scratch_y_start__ = .
 *(.scratch_y.*)
                0x20041000                        . = ALIGN (0x4)
                0x20041000                        __scratch_y_end__ = .
                0x10005968                        __scratch_y_source__ = LOADADDR (.scratch_y)

.stack1_dummy
 *(.stack1*)

.stack_dummy    0x20041000      0x800
 *(.stack*)
 .stack         0x20041000      0x800 CMakeFiles/scooter.dir/Users/bturner/Pico/pico-sdk/src/rp2_common/pico_crt0/crt0.S.o

.rel.dyn        0x20041800        0x0
 .rel.iplt      0x20041800        0x0 /Applications/ArmGNUToolchain/14.3.rel1/arm-none-eabi/bin/../lib/gcc/arm-none-eabi/14.3.1/thumb/v6-m/nofp/crtbegin.o

.flash_end      0x10005968        0x0
 *(.embedded_end_block*)
                0x10005968                        PROVIDE (__flash_binary_end = .)
                0x20040000                        __StackLimit = (ORIGIN (RAM) + LENGTH (RAM))
                0x20041000                        __StackOneTop = (ORIGIN (SCRATCH_X) + LENGTH (SCRATCH_X))
                0x20042000                        __StackTop = (ORIGIN (SCRATCH_Y) + LENGTH (SCRATCH_Y))
                0x20041000                        __StackOneBottom = (__StackOneTop - SIZEOF (.stack1_dummy))
                0x20041800                        __StackBottom = (__StackTop - SIZEOF (.stack_dummy))
                0x20042000                        PROVIDE (__stack = __StackTop)
                [!provide]                        PROVIDE (__heap_start = __end__)
                [!provide]                        PROVIDE (__heap_end = __HeapLimit)
                [!provide]                        PROVIDE (__tls_align = MAX (ALIGNOF (.tdata), ALIGNOF (.tbss)))
                [!provide]                        PROVIDE (__tls_size_align = (((__tls_size + __tls_align) - 0x1) & ~ ((__tls_align - 0x1))))
                [!provide]                        PROVIDE (__arm32_tls_tcb_offset = MAX (0x8, __tls_align))
                [!provide]                        PROVIDE (_end = __end__)
                [!provide]                        PROVIDE (__llvm_libc_heap_limit = __HeapLimit)
                0x00000001                        ASSERT ((__StackLimit >= __HeapLimit), region RAM overflowed)
                0x00000001                        ASSERT (((__binary_info_header_end - __logical_binary_start) <= 0x100), Binary info must be in first 256 bytes of the binary)
LOAD CMakeFiles/scooter.dir/main.c.o
LOAD CMakeFiles/scooter.dir/Users/bturner/Pico/pico-sdk/src/rp2_common/pico_stdlib/stdlib.c.o
LOAD CMakeFiles/scooter.dir/Users/bturner/Pico/pico-sdk/src/rp2_common/hardware_gpio/gpio.c.o
LOAD CMakeFiles/scooter.dir/Users/bturner/Pico/pico-sdk/src/rp2040/pico_platform/platform.c.o
LOAD CMakeFiles/scooter.dir/Users/bturner/Pico/pico-sdk/src/rp2_common/pico_platform_common/common.c.o
LOAD CMakeFiles/scooter.dir/Users/bturner/Pico/pico-sdk/src/rp2_common/pico_platform_panic/panic.c.o
LOAD CMakeFiles/scooter.dir/Users/bturner/Pico/pico-sdk/src/common/hardware_claim/claim.c.o
LOAD CMakeFiles/scooter.dir/Users/bturner/Pico/pico-sdk/src/rp2_common/hardware_sync/sync.c.o
LOAD CMakeFiles/scooter.dir/Users/bturner/Pico/pico-sdk/src/rp2_common/hardware_sync_spin_lock/sync_spin_lock.c.o
LOAD CMakeFiles/scooter.dir/Users/bturner/Pico/pico-sdk/src/rp2_common/hardware_irq/irq.c.o
LOAD CMakeFiles/scooter.dir/Users/bturner/Pico/pico-sdk/src/rp2_common/hardware_irq/irq_handler_chain.S.o
LOAD CMakeFiles/scooter.dir/Users/bturner/Pico/pico-sdk/src/common/pico_sync/sem.c.o
LOAD CMakeFiles/scooter.dir/Users/bturner/Pico/pico-sdk/src/common/pico_sync/lock_core.c.o
LOAD CMakeFiles/scooter.dir/Users/bturner/Pico/pico-sdk/src/common/pico_sync/mutex.c.o
LOAD CMakeFiles/scooter.dir/Users/bturner/Pico/pico-sdk/src/common/pico_sync/critical_section.c.o
LOAD CMakeFiles/scooter.dir/Users/bturner/Pico/pico-sdk/src/common/pico_time/time.c.o
LOAD CMakeFiles/scooter.dir/Users/bturner/Pico/pico-sdk/src/common/pico_time/timeout_helper.c.o
LOAD CMakeFiles/scooter.dir/Users/bturner/Pico/pico-sdk/src/rp2_common/hardware_timer/timer.c.o
LOAD CMakeFiles/scooter.dir/Users/bturner/Pico/pico-sdk/src/common/pico_util/datetime.c.o
LOAD CMakeFiles/scooter.dir/Users/bturner/Pico/pico-sdk/src/common/pico_util/pheap.c.o
LOAD CMakeFiles/scooter.dir/Users/bturner/Pico/pico-sdk/src/common/pico_util/queue.c.o
LOAD CMakeFiles/scooter.dir/Users/bturner/Pico/pico-sdk/src/rp2_common/hardware_uart/uart.c.o
LOAD CMakeFiles/scooter.dir/Users/bturner/Pico/pico-sdk/src/rp2_common/hardware_clocks/clocks.c.o
LOAD CMakeFiles/scooter.dir/Users/bturner/Pico/pico-sdk/src/rp2_common/hardware_pll/pll.c.o
LOAD CMakeFiles/scooter.dir/Users/bturner/Pico/pico-sdk/src/rp2_common/hardware_vreg/vreg.c.o
LOAD CMakeFiles/scooter.dir/Users/bturner/Pico/pico-sdk/src/rp2_common/hardware_watchdog/watchdog.c.o
LOAD CMakeFiles/scooter.dir/Users/bturner/Pico/pico-sdk/src/rp2_common/hardware_ticks/ticks.c.o
LOAD CMakeFiles/scooter.dir/Users/bturner/Pico/pico-sdk/src/rp2_common/pico_bootrom/bootrom.c.o
LOAD CMakeFiles/scooter.dir/Users/bturner/Pico/pico-sdk/src/rp2_common/pico_bootrom/bootrom_lock.c.o
LOAD CMakeFiles/scooter.dir/Users/bturner/Pico/pico-sdk/src/rp2_common/hardware_boot_lock/boot_lock.c.o
LOAD CMakeFiles/scooter.dir/Users/bturner/Pico/pico-sdk/src/rp2_common/pico_flash/flash.c.o
LOAD CMakeFiles/scooter.dir/Users/bturner/Pico/pico-sdk/src/rp2_common/hardware_xosc/xosc.c.o
LOAD CMakeFiles/scooter.dir/Users/bturner/Pico/pico-sdk/src/rp2_common/hardware_divider/divider.S.o
LOAD CMakeFiles/scooter.dir/Users/bturner/Pico/pico-sdk/src/rp2_common/pico_runtime/runtime.c.o
LOAD CMakeFiles/scooter.dir/Users/bturner/Pico/pico-sdk/src/rp2_common/pico_runtime_init/runtime_init.c.o
LOAD CMakeFiles/scooter.dir/Users/bturner/Pico/pico-sdk/src/rp2_common/pico_runtime_init/runtime_init_clocks.c.o
LOAD CMakeFiles/scooter.dir/Users/bturner/Pico/pico-sdk/src/rp2_common/pico_runtime_init/runtime_init_stack_guard.c.o
LOAD CMakeFiles/scooter.dir/Users/bturner/Pico/pico-sdk/src/rp2_common/pico_bit_ops/bit_ops_aeabi.S.o
LOAD CMakeFiles/scooter.dir/Users/bturner/Pico/pico-sdk/src/rp2_common/pico_divider/divider_hardware.S.o
LOAD CMakeFiles/scooter.dir/Users/bturner/Pico/pico-sdk/src/rp2_common/pico_double/double_aeabi_rp2040.S.o
LOAD CMakeFiles/scooter.dir/Users/bturner/Pico/pico-sdk/src/rp2_common/pico_double/double_init_rom_rp2040.c.o
LOAD CMakeFiles/scooter.dir/Users/bturner/Pico/pico-sdk/src/rp2_common/pico_double/double_math.c.o
LOAD CMakeFiles/scooter.dir/Users/bturner/Pico/pico-sdk/src/rp2_common/pico_double/double_v1_rom_shim_rp2040.S.o
LOAD CMakeFiles/scooter.dir/Users/bturner/Pico/pico-sdk/src/rp2_common/pico_int64_ops/pico_int64_ops_aeabi.S.o
LOAD CMakeFiles/scooter.dir/Users/bturner/Pico/pico-sdk/src/rp2_common/pico_float/float_aeabi_rp2040.S.o
LOAD CMakeFiles/scooter.dir/Users/bturner/Pico/pico-sdk/src/rp2_common/pico_float/float_init_rom_rp2040.c.o
LOAD CMakeFiles/scooter.dir/Users/bturner/Pico/pico-sdk/src/rp2_common/pico_float/float_math.c.o
LOAD CMakeFiles/scooter.dir/Users/bturner/Pico/pico-sdk/src/rp2_common/pico_float/float_v1_rom_shim_rp2040.S.o
LOAD CMakeFiles/scooter.dir/Users/bturner/Pico/pico-sdk/src/rp2_common/pico_malloc/malloc.c.o
LOAD CMakeFiles/scooter.dir/Users/bturner/Pico/pico-sdk/src/rp2_common/pico_mem_ops/mem_ops_aeabi.S.o
LOAD CMakeFiles/scooter.dir/Users/bturner/Pico/pico-sdk/src/rp2_common/pico_atomic/atomic.c.o
LOAD CMakeFiles/scooter.dir/Users/bturner/Pico/pico-sdk/src/rp2_common/pico_cxx_options/new_delete.cpp.o
LOAD CMakeFiles/scooter.dir/Users/bturner/Pico/pico-sdk/src/rp2_common/pico_standard_binary_info/standard_binary_info.c.o
LOAD CMakeFiles/scooter.dir/Users/bturner/Pico/pico-sdk/src/rp2_common/pico_printf/printf.c.o
LOAD CMakeFiles/scooter.dir/Users/bturner/Pico/pico-sdk/src/rp2_common/pico_crt0/crt0.S.o
LOAD CMakeFiles/scooter.dir/Users/bturner/Pico/pico-sdk/src/rp2_common/pico_clib_interface/newlib_interface.c.o
LOAD CMakeFiles/scooter.dir/Users/bturner/Pico/pico-sdk/src/rp2_common/pico_stdio/stdio.c.o
LOAD CMakeFiles/scooter.dir/Users/bturner/Pico/pico-sdk/src/rp2_common/pico_stdio_uart/stdio_uart.c.o
LOAD CMakeFiles/scooter.dir/Users/bturner/Pico/pico-sdk/src/rp2_common/hardware_adc/adc.c.o
LOAD CMakeFiles/scooter.dir/Users/bturner/Pico/pico-sdk/src/rp2_common/hardware_i2c/i2c.c.o
LOAD pico-sdk/src/rp2040/boot_stage2/CMakeFiles/bs2_default_library.dir/bs2_default_padded_checksummed.S.o
LOAD /Applications/ArmGNUToolchain/14.3.rel1/arm-none-eabi/bin/../lib/gcc/arm-none-eabi/14.3.1/../../../../arm-none-eabi/lib/thumb/v6-m/nofp/libstdc++.a
LOAD /Applications/ArmGNUToolchain/14.3.rel1/arm-none-eabi/bin/../lib/gcc/arm-none-eabi/14.3.1/../../../../arm-none-eabi/lib/thumb/v6-m/nofp/libm.a
START GROUP
LOAD /Applications/ArmGNUToolchain/14.3.rel1/arm-none-eabi/bin/../lib/gcc/arm-none-eabi/14.3.1/thumb/v6-m/nofp/libgcc.a
LOAD /Applications/ArmGNUToolchain/14.3.rel1/arm-none-eabi/bin/../lib/gcc/arm-none-eabi/14.3.1/../../../../arm-none-eabi/lib/thumb/v6-m/nofp/libg.a
LOAD /Applications/ArmGNUToolchain/14.3.rel1/arm-none-eabi/bin/../lib/gcc/arm-none-eabi/14.3.1/../../../../arm-none-eabi/lib/thumb/v6-m/nofp/libc.a
END GROUP
START GROUP
LOAD /Applications/ArmGNUToolchain/14.3.rel1/arm-none-eabi/bin/../lib/gcc/arm-none-eabi/14.3.1/thumb/v6-m/nofp/libgcc.a
LOAD /Applications/ArmGNUToolchain/14.3.rel1/arm-none-eabi/bin/../lib/gcc/arm-none-eabi/14.3.1/../../../../arm-none-eabi/lib/thumb/v6-m/nofp/libc.a
LOAD /Applications/ArmGNUToolchain/14.3.rel1/arm-none-eabi/bin/../lib/gcc/arm-none-eabi/14.3.1/../../../../arm-none-eabi/lib/thumb/v6-m/nofp/libnosys.a
END GROUP
LOAD /Applications/ArmGNUToolchain/14.3.rel1/arm-none-eabi/bin/../lib/gcc/arm-none-eabi/14.3.1/thumb/v6-m/nofp/crtend.o
LOAD /Applications/ArmGNUToolchain/14.3.rel1/arm-none-eabi/bin/../lib/gcc/arm-none-eabi/14.3.1/thumb/v6-m/nofp/crtn.o
OUTPUT(scooter.elf elf32-littlearm)
LOAD linker stubs

.ARM.attributes
                0x00000000       0x28
 .ARM.attributes
                0x00000000       0x1e /Applications/ArmGNUToolchain/14.3.rel1/arm-none-eabi/bin/../lib/gcc/arm-none-eabi/14.3.1/thumb/v6-m/nofp/crti.o
 .ARM.attributes
                0x0000001e       0x2c /Applications/ArmGNUToolchain/14.3.rel1/arm-none-eabi/bin/../lib/gcc/arm-none-eabi/14.3.1/thumb/v6-m/nofp/crtbegin.o
 .ARM.attributes
                0x0000004a       0x2c CMakeFiles/scooter.dir/main.c.o
 .ARM.attributes
                0x00000076       0x2c CMakeFiles/scooter.dir/Users/bturner/Pico/pico-sdk/src/rp2_common/hardware_gpio/gpio.c.o
 .ARM.attributes
                0x000000a2       0x2c CMakeFiles/scooter.dir/Users/bturner/Pico/pico-sdk/src/rp2_common/pico_platform_panic/panic.c.o
 .ARM.attributes
                0x000000ce       0x2c CMakeFiles/scooter.dir/Users/bturner/Pico/pico-sdk/src/common/hardware_claim/claim.c.o
 .ARM.attributes
                0x000000fa       0x2c CMakeFiles/scooter.dir/Users/bturner/Pico/pico-sdk/src/rp2_common/hardware_sync/sync.c.o
 .ARM.attributes
                0x00000126       0x2c CMakeFiles/scooter.dir/Users/bturner/Pico/pico-sdk/src/rp2_common/hardware_sync_spin_lock/sync_spin_lock.c.o
 .ARM.attributes
                0x00000152       0x2c CMakeFiles/scooter.dir/Users/bturner/Pico/pico-sdk/src/rp2_common/hardware_irq/irq.c.o
 .ARM.attributes
                0x0000017e       0x22 CMakeFiles/scooter.dir/Users/bturner/Pico/pico-sdk/src/rp2_common/hardware_irq/irq_handler_chain.S.o
 .ARM.attributes
                0x000001a0       0x2c CMakeFiles/scooter.dir/Users/bturner/Pico/pico-sdk/src/common/pico_sync/lock_core.c.o
 .ARM.attributes
                0x000001cc       0x2c CMakeFiles/scooter.dir/Users/bturner/Pico/pico-sdk/src/common/pico_sync/mutex.c.o
 .ARM.attributes
                0x000001f8       0x2c CMakeFiles/scooter.dir/Users/bturner/Pico/pico-sdk/src/common/pico_time/time.c.o
 .ARM.attributes
                0x00000224       0x2c CMakeFiles/scooter.dir/Users/bturner/Pico/pico-sdk/src/rp2_common/hardware_timer/timer.c.o
 .ARM.attributes
                0x00000250       0x2c CMakeFiles/scooter.dir/Users/bturner/Pico/pico-sdk/src/rp2_common/hardware_uart/uart.c.o
 .ARM.attributes
                0x0000027c       0x2c CMakeFiles/scooter.dir/Users/bturner/Pico/pico-sdk/src/rp2_common/hardware_clocks/clocks.c.o
 .ARM.attributes
                0x000002a8       0x2c CMakeFiles/scooter.dir/Users/bturner/Pico/pico-sdk/src/rp2_common/hardware_pll/pll.c.o
 .ARM.attributes
                0x000002d4       0x2c CMakeFiles/scooter.dir/Users/bturner/Pico/pico-sdk/src/rp2_common/hardware_ticks/ticks.c.o
 .ARM.attributes
                0x00000300       0x2c CMakeFiles/scooter.dir/Users/bturner/Pico/pico-sdk/src/rp2_common/pico_bootrom/bootrom.c.o
 .ARM.attributes
                0x0000032c       0x2c CMakeFiles/scooter.dir/Users/bturner/Pico/pico-sdk/src/rp2_common/hardware_xosc/xosc.c.o
 .ARM.attributes
                0x00000358       0x2c CMakeFiles/scooter.dir/Users/bturner/Pico/pico-sdk/src/rp2_common/pico_runtime/runtime.c.o
 .ARM.attributes
                0x00000384       0x2c CMakeFiles/scooter.dir/Users/bturner/Pico/pico-sdk/src/rp2_common/pico_runtime_init/runtime_init.c.o
 .ARM.attributes
                0x000003b0       0x2c CMakeFiles/scooter.dir/Users/bturner/Pico/pico-sdk/src/rp2_common/pico_runtime_init/runtime_init_clocks.c.o
 .ARM.attributes
                0x000003dc       0x22 CMakeFiles/scooter.dir/Users/bturner/Pico/pico-sdk/src/rp2_common/pico_bit_ops/bit_ops_aeabi.S.o
 .ARM.attributes
                0x000003fe       0x22 CMakeFiles/scooter.dir/Users/bturner/Pico/pico-sdk/src/rp2_common/pico_divider/divider_hardware.S.o
 .ARM.attributes
                0x00000420       0x22 CMakeFiles/scooter.dir/Users/bturner/Pico/pico-sdk/src/rp2_common/pico_double/double_aeabi_rp2040.S.o
 .ARM.attributes
                0x00000442       0x2c CMakeFiles/scooter.dir/Users/bturner/Pico/pico-sdk/src/rp2_common/pico_double/double_init_rom_rp2040.c.o
 .ARM.attributes
                0x0000046e       0x22 CMakeFiles/scooter.dir/Users/bturner/Pico/pico-sdk/src/rp2_common/pico_double/double_v1_rom_shim_rp2040.S.o
 .ARM.attributes
                0x00000490       0x22 CMakeFiles/scooter.dir/Users/bturner/Pico/pico-sdk/src/rp2_common/pico_int64_ops/pico_int64_ops_aeabi.S.o
 .ARM.attributes
                0x000004b2       0x22 CMakeFiles/scooter.dir/Users/bturner/Pico/pico-sdk/src/rp2_common/pico_float/float_aeabi_rp2040.S.o
 .ARM.attributes
                0x000004d4       0x2c CMakeFiles/scooter.dir/Users/bturner/Pico/pico-sdk/src/rp2_common/pico_float/float_init_rom_rp2040.c.o
 .ARM.attributes
                0x00000500       0x22 CMakeFiles/scooter.dir/Users/bturner/Pico/pico-sdk/src/rp2_common/pico_float/float_v1_rom_shim_rp2040.S.o
 .ARM.attributes
                0x00000522       0x22 CMakeFiles/scooter.dir/Users/bturner/Pico/pico-sdk/src/rp2_common/pico_mem_ops/mem_ops_aeabi.S.o
 .ARM.attributes
                0x00000544       0x2c CMakeFiles/scooter.dir/Users/bturner/Pico/pico-sdk/src/rp2_common/pico_standard_binary_info/standard_binary_info.c.o
 .ARM.attributes
                0x00000570       0x2c CMakeFiles/scooter.dir/Users/bturner/Pico/pico-sdk/src/rp2_common/pico_printf/printf.c.o
 .ARM.attributes
                0x0000059c       0x22 CMakeFiles/scooter.dir/Users/bturner/Pico/pico-sdk/src/rp2_common/pico_crt0/crt0.S.o
 .ARM.attributes
                0x000005be       0x2c CMakeFiles/scooter.dir/Users/bturner/Pico/pico-sdk/src/rp2_common/pico_clib_interface/newlib_interface.c.o
 .ARM.attributes
                0x000005ea       0x2c CMakeFiles/scooter.dir/Users/bturner/Pico/pico-sdk/src/rp2_common/pico_stdio/stdio.c.o
 .ARM.attributes
                0x00000616       0x2c CMakeFiles/scooter.dir/Users/bturner/Pico/pico-sdk/src/rp2_common/pico_stdio_uart/stdio_uart.c.o
 .ARM.attributes
                0x00000642       0x2c CMakeFiles/scooter.dir/Users/bturner/Pico/pico-sdk/src/rp2_common/hardware_adc/adc.c.o
 .ARM.attributes
                0x0000066e       0x2c CMakeFiles/scooter.dir/Users/bturner/Pico/pico-sdk/src/rp2_common/hardware_i2c/i2c.c.o
 .ARM.attributes
                0x0000069a       0x22 pico-sdk/src/rp2040/boot_stage2/CMakeFiles/bs2_default_library.dir/bs2_default_padded_checksummed.S.o
 .ARM.attributes
                0x000006bc       0x1e /Applications/ArmGNUToolchain/14.3.rel1/arm-none-eabi/bin/../lib/gcc/arm-none-eabi/14.3.1/thumb/v6-m/nofp/libgcc.a(_dvmd_tls.o)
 .ARM.attributes
                0x000006da       0x2c /Applications/ArmGNUToolchain/14.3.rel1/arm-none-eabi/bin/../lib/gcc/arm-none-eabi/14.3.1/../../../../arm-none-eabi/lib/thumb/v6-m/nofp/libg.a(libc_a-strlen-stub.o)
 .ARM.attributes
                0x00000706       0x2c /Applications/ArmGNUToolchain/14.3.rel1/arm-none-eabi/bin/../lib/gcc/arm-none-eabi/14.3.1/thumb/v6-m/nofp/crtend.o

.comment        0x00000000       0x46
 .comment       0x00000000       0x46 CMakeFiles/scooter.dir/main.c.o
                                 0x47 (size before relaxing)
 .comment       0x00000046       0x47 CMakeFiles/scooter.dir/Users/bturner/Pico/pico-sdk/src/rp2_common/hardware_gpio/gpio.c.o
 .comment       0x00000046       0x47 CMakeFiles/scooter.dir/Users/bturner/Pico/pico-sdk/src/rp2_common/pico_platform_panic/panic.c.o
 .comment       0x00000046       0x47 CMakeFiles/scooter.dir/Users/bturner/Pico/pico-sdk/src/common/hardware_claim/claim.c.o
 .comment       0x00000046       0x47 CMakeFiles/scooter.dir/Users/bturner/Pico/pico-sdk/src/rp2_common/hardware_sync/sync.c.o
 .comment       0x00000046       0x47 CMakeFiles/scooter.dir/Users/bturner/Pico/pico-sdk/src/rp2_common/hardware_sync_spin_lock/sync_spin_lock.c.o
 .comment       0x00000046       0x47 CMakeFiles/scooter.dir/Users/bturner/Pico/pico-sdk/src/rp2_common/hardware_irq/irq.c.o
 .comment       0x00000046       0x47 CMakeFiles/scooter.dir/Users/bturner/Pico/pico-sdk/src/common/pico_sync/lock_core.c.o
 .comment       0x00000046       0x47 CMakeFiles/scooter.dir/Users/bturner/Pico/pico-sdk/src/common/pico_sync/mutex.c.o
 .comment       0x00000046       0x47 CMakeFiles/scooter.dir/Users/bturner/Pico/pico-sdk/src/common/pico_time/time.c.o
 .comment       0x00000046       0x47 CMakeFiles/scooter.dir/Users/bturner/Pico/pico-sdk/src/rp2_common/hardware_timer/timer.c.o
 .comment       0x00000046       0x47 CMakeFiles/scooter.dir/Users/bturner/Pico/pico-sdk/src/rp2_common/hardware_uart/uart.c.o
 .comment       0x00000046       0x47 CMakeFiles/scooter.dir/Users/bturner/Pico/pico-sdk/src/rp2_common/hardware_clocks/clocks.c.o
 .comment       0x00000046       0x47 CMakeFiles/scooter.dir/Users/bturner/Pico/pico-sdk/src/rp2_common/hardware_pll/pll.c.o
 .comment       0x00000046       0x47 CMakeFiles/scooter.dir/Users/bturner/Pico/pico-sdk/src/rp2_common/hardware_ticks/ticks.c.o
 .comment       0x00000046       0x47 CMakeFiles/scooter.dir/Users/bturner/Pico/pico-sdk/src/rp2_common/pico_bootrom/bootrom.c.o
 .comment       0x00000046       0x47 CMakeFiles/scooter.dir/Users/bturner/Pico/pico-sdk/src/rp2_common/hardware_xosc/xosc.c.o
 .comment       0x00000046       0x47 CMakeFiles/scooter.dir/Users/bturner/Pico/pico-sdk/src/rp2_common/pico_runtime/runtime.c.o
 .comment       0x00000046       0x47 CMakeFiles/scooter.dir/Users/bturner/Pico/pico-sdk/src/rp2_common/pico_runtime_init/runtime_init.c.o
 .comment       0x00000046       0x47 CMakeFiles/scooter.dir/Users/bturner/Pico/pico-sdk/src/rp2_common/pico_runtime_init/runtime_init_clocks.c.o
 .comment       0x00000046       0x47 CMakeFiles/scooter.dir/Users/bturner/Pico/pico-sdk/src/rp2_common/pico_double/double_init_rom_rp2040.c.o
 .comment       0x00000046       0x47 CMakeFiles/scooter.dir/Users/bturner/Pico/pico-sdk/src/rp2_common/pico_float/float_init_rom_rp2040.c.o
 .comment       0x00000046       0x47 CMakeFiles/scooter.dir/Users/bturner/Pico/pico-sdk/src/rp2_common/pico_standard_binary_info/standard_binary_info.c.o
 .comment       0x00000046       0x47 CMakeFiles/scooter.dir/Users/bturner/Pico/pico-sdk/src/rp2_common/pico_printf/printf.c.o
 .comment       0x00000046       0x47 CMakeFiles/scooter.dir/Users/bturner/Pico/pico-sdk/src/rp2_common/pico_clib_interface/newlib_interface.c.o
 .comment       0x00000046       0x47 CMakeFiles/scooter.dir/Users/bturner/Pico/pico-sdk/src/rp2_common/pico_stdio/stdio.c.o
 .comment       0x00000046       0x47 CMakeFiles/scooter.dir/Users/bturner/Pico/pico-sdk/src/rp2_common/pico_stdio_uart/stdio_uart.c.o
 .comment       0x00000046       0x47 CMakeFiles/scooter.dir/Users/bturner/Pico/pico-sdk/src/rp2_common/hardware_adc/adc.c.o
 .comment       0x00000046       0x47 CMakeFiles/scooter.dir/Users/bturner/Pico/pico-sdk/src/rp2_common/hardware_i2c/i2c.c.o

.debug_info     0x00000000    0x2227e
 .debug_info    0x00000000     0x3567 CMakeFiles/scooter.dir/main.c.o
 .debug_info    0x00003567     0x2421 CMakeFiles/scooter.dir/Users/bturner/Pico/pico-sdk/src/rp2_common/hardware_gpio/gpio.c.o
 .debug_info    0x00005988      0x1bf CMakeFiles/scooter.dir/Users/bturner/Pico/pico-sdk/src/rp2_common/pico_platform_panic/panic.c.o
 .debug_info    0x00005b47      0x9a1 CMakeFiles/scooter.dir/Users/bturner/Pico/pico-sdk/src/common/hardware_claim/claim.c.o
 .debug_info    0x000064e8      0x45c CMakeFiles/scooter.dir/Users/bturner/Pico/pico-sdk/src/rp2_common/hardware_sync/sync.c.o
 .debug_info    0x00006944      0x245 CMakeFiles/scooter.dir/Users/bturner/Pico/pico-sdk/src/rp2_common/hardware_sync_spin_lock/sync_spin_lock.c.o
 .debug_info    0x00006b89     0x2233 CMakeFiles/scooter.dir/Users/bturner/Pico/pico-sdk/src/rp2_common/hardware_irq/irq.c.o
 .debug_info    0x00008dbc      0x15f CMakeFiles/scooter.dir/Users/bturner/Pico/pico-sdk/src/common/pico_sync/lock_core.c.o
 .debug_info    0x00008f1b     0x2815 CMakeFiles/scooter.dir/Users/bturner/Pico/pico-sdk/src/common/pico_sync/mutex.c.o
 .debug_info    0x0000b730     0x5065 CMakeFiles/scooter.dir/Users/bturner/Pico/pico-sdk/src/common/pico_time/time.c.o
 .debug_info    0x00010795     0x2b37 CMakeFiles/scooter.dir/Users/bturner/Pico/pico-sdk/src/rp2_common/hardware_timer/timer.c.o
 .debug_info    0x000132cc     0x1983 CMakeFiles/scooter.dir/Users/bturner/Pico/pico-sdk/src/rp2_common/hardware_uart/uart.c.o
 .debug_info    0x00014c4f     0x2a05 CMakeFiles/scooter.dir/Users/bturner/Pico/pico-sdk/src/rp2_common/hardware_clocks/clocks.c.o
 .debug_info    0x00017654      0x4e5 CMakeFiles/scooter.dir/Users/bturner/Pico/pico-sdk/src/rp2_common/hardware_pll/pll.c.o
 .debug_info    0x00017b39      0x248 CMakeFiles/scooter.dir/Users/bturner/Pico/pico-sdk/src/rp2_common/hardware_ticks/ticks.c.o
 .debug_info    0x00017d81      0x678 CMakeFiles/scooter.dir/Users/bturner/Pico/pico-sdk/src/rp2_common/pico_bootrom/bootrom.c.o
 .debug_info    0x000183f9      0x1d0 CMakeFiles/scooter.dir/Users/bturner/Pico/pico-sdk/src/rp2_common/hardware_xosc/xosc.c.o
 .debug_info    0x000185c9      0x21a CMakeFiles/scooter.dir/Users/bturner/Pico/pico-sdk/src/rp2_common/pico_runtime/runtime.c.o
 .debug_info    0x000187e3      0x7ea CMakeFiles/scooter.dir/Users/bturner/Pico/pico-sdk/src/rp2_common/pico_runtime_init/runtime_init.c.o
 .debug_info    0x00018fcd      0x781 CMakeFiles/scooter.dir/Users/bturner/Pico/pico-sdk/src/rp2_common/pico_runtime_init/runtime_init_clocks.c.o
 .debug_info    0x0001974e       0x23 CMakeFiles/scooter.dir/Users/bturner/Pico/pico-sdk/src/rp2_common/pico_bit_ops/bit_ops_aeabi.S.o
 .debug_info    0x00019771       0x23 CMakeFiles/scooter.dir/Users/bturner/Pico/pico-sdk/src/rp2_common/pico_divider/divider_hardware.S.o
 .debug_info    0x00019794       0x23 CMakeFiles/scooter.dir/Users/bturner/Pico/pico-sdk/src/rp2_common/pico_double/double_aeabi_rp2040.S.o
 .debug_info    0x000197b7      0x27e CMakeFiles/scooter.dir/Users/bturner/Pico/pico-sdk/src/rp2_common/pico_double/double_init_rom_rp2040.c.o
 .debug_info    0x00019a35       0x23 CMakeFiles/scooter.dir/Users/bturner/Pico/pico-sdk/src/rp2_common/pico_double/double_v1_rom_shim_rp2040.S.o
 .debug_info    0x00019a58       0x24 CMakeFiles/scooter.dir/Users/bturner/Pico/pico-sdk/src/rp2_common/pico_int64_ops/pico_int64_ops_aeabi.S.o
 .debug_info    0x00019a7c       0x23 CMakeFiles/scooter.dir/Users/bturner/Pico/pico-sdk/src/rp2_common/pico_float/float_aeabi_rp2040.S.o
 .debug_info    0x00019a9f      0x27e CMakeFiles/scooter.dir/Users/bturner/Pico/pico-sdk/src/rp2_common/pico_float/float_init_rom_rp2040.c.o
 .debug_info    0x00019d1d       0x23 CMakeFiles/scooter.dir/Users/bturner/Pico/pico-sdk/src/rp2_common/pico_float/float_v1_rom_shim_rp2040.S.o
 .debug_info    0x00019d40       0x23 CMakeFiles/scooter.dir/Users/bturner/Pico/pico-sdk/src/rp2_common/pico_mem_ops/mem_ops_aeabi.S.o
 .debug_info    0x00019d63      0x2b8 CMakeFiles/scooter.dir/Users/bturner/Pico/pico-sdk/src/rp2_common/pico_standard_binary_info/standard_binary_info.c.o
 .debug_info    0x0001a01b     0x22f2 CMakeFiles/scooter.dir/Users/bturner/Pico/pico-sdk/src/rp2_common/pico_printf/printf.c.o
 .debug_info    0x0001c30d       0x23 CMakeFiles/scooter.dir/Users/bturner/Pico/pico-sdk/src/rp2_common/pico_crt0/crt0.S.o
 .debug_info    0x0001c330      0xbbe CMakeFiles/scooter.dir/Users/bturner/Pico/pico-sdk/src/rp2_common/pico_clib_interface/newlib_interface.c.o
 .debug_info    0x0001ceee     0x1d90 CMakeFiles/scooter.dir/Users/bturner/Pico/pico-sdk/src/rp2_common/pico_stdio/stdio.c.o
 .debug_info    0x0001ec7e     0x150c CMakeFiles/scooter.dir/Users/bturner/Pico/pico-sdk/src/rp2_common/pico_stdio_uart/stdio_uart.c.o
 .debug_info    0x0002018a      0x3fc CMakeFiles/scooter.dir/Users/bturner/Pico/pico-sdk/src/rp2_common/hardware_adc/adc.c.o
 .debug_info    0x00020586     0x1cf8 CMakeFiles/scooter.dir/Users/bturner/Pico/pico-sdk/src/rp2_common/hardware_i2c/i2c.c.o

.debug_abbrev   0x00000000     0x5ab7
 .debug_abbrev  0x00000000      0x4c8 CMakeFiles/scooter.dir/main.c.o
 .debug_abbrev  0x000004c8      0x4f9 CMakeFiles/scooter.dir/Users/bturner/Pico/pico-sdk/src/rp2_common/hardware_gpio/gpio.c.o
 .debug_abbrev  0x000009c1      0x12b CMakeFiles/scooter.dir/Users/bturner/Pico/pico-sdk/src/rp2_common/pico_platform_panic/panic.c.o
 .debug_abbrev  0x00000aec      0x328 CMakeFiles/scooter.dir/Users/bturner/Pico/pico-sdk/src/common/hardware_claim/claim.c.o
 .debug_abbrev  0x00000e14      0x20f CMakeFiles/scooter.dir/Users/bturner/Pico/pico-sdk/src/rp2_common/hardware_sync/sync.c.o
 .debug_abbrev  0x00001023      0x1bb CMakeFiles/scooter.dir/Users/bturner/Pico/pico-sdk/src/rp2_common/hardware_sync_spin_lock/sync_spin_lock.c.o
 .debug_abbrev  0x000011de      0x614 CMakeFiles/scooter.dir/Users/bturner/Pico/pico-sdk/src/rp2_common/hardware_irq/irq.c.o
 .debug_abbrev  0x000017f2       0xee CMakeFiles/scooter.dir/Users/bturner/Pico/pico-sdk/src/common/pico_sync/lock_core.c.o
 .debug_abbrev  0x000018e0      0x48c CMakeFiles/scooter.dir/Users/bturner/Pico/pico-sdk/src/common/pico_sync/mutex.c.o
 .debug_abbrev  0x00001d6c      0x659 CMakeFiles/scooter.dir/Users/bturner/Pico/pico-sdk/src/common/pico_time/time.c.o
 .debug_abbrev  0x000023c5      0x4f2 CMakeFiles/scooter.dir/Users/bturner/Pico/pico-sdk/src/rp2_common/hardware_timer/timer.c.o
 .debug_abbrev  0x000028b7      0x365 CMakeFiles/scooter.dir/Users/bturner/Pico/pico-sdk/src/rp2_common/hardware_uart/uart.c.o
 .debug_abbrev  0x00002c1c      0x512 CMakeFiles/scooter.dir/Users/bturner/Pico/pico-sdk/src/rp2_common/hardware_clocks/clocks.c.o
 .debug_abbrev  0x0000312e      0x1d2 CMakeFiles/scooter.dir/Users/bturner/Pico/pico-sdk/src/rp2_common/hardware_pll/pll.c.o
 .debug_abbrev  0x00003300      0x145 CMakeFiles/scooter.dir/Users/bturner/Pico/pico-sdk/src/rp2_common/hardware_ticks/ticks.c.o
 .debug_abbrev  0x00003445      0x1bc CMakeFiles/scooter.dir/Users/bturner/Pico/pico-sdk/src/rp2_common/pico_bootrom/bootrom.c.o
 .debug_abbrev  0x00003601      0x11d CMakeFiles/scooter.dir/Users/bturner/Pico/pico-sdk/src/rp2_common/hardware_xosc/xosc.c.o
 .debug_abbrev  0x0000371e      0x182 CMakeFiles/scooter.dir/Users/bturner/Pico/pico-sdk/src/rp2_common/pico_runtime/runtime.c.o
 .debug_abbrev  0x000038a0      0x26b CMakeFiles/scooter.dir/Users/bturner/Pico/pico-sdk/src/rp2_common/pico_runtime_init/runtime_init.c.o
 .debug_abbrev  0x00003b0b      0x2af CMakeFiles/scooter.dir/Users/bturner/Pico/pico-sdk/src/rp2_common/pico_runtime_init/runtime_init_clocks.c.o
 .debug_abbrev  0x00003dba       0x12 CMakeFiles/scooter.dir/Users/bturner/Pico/pico-sdk/src/rp2_common/pico_bit_ops/bit_ops_aeabi.S.o
 .debug_abbrev  0x00003dcc       0x12 CMakeFiles/scooter.dir/Users/bturner/Pico/pico-sdk/src/rp2_common/pico_divider/divider_hardware.S.o
 .debug_abbrev  0x00003dde       0x12 CMakeFiles/scooter.dir/Users/bturner/Pico/pico-sdk/src/rp2_common/pico_double/double_aeabi_rp2040.S.o
 .debug_abbrev  0x00003df0      0x17a CMakeFiles/scooter.dir/Users/bturner/Pico/pico-sdk/src/rp2_common/pico_double/double_init_rom_rp2040.c.o
 .debug_abbrev  0x00003f6a       0x12 CMakeFiles/scooter.dir/Users/bturner/Pico/pico-sdk/src/rp2_common/pico_double/double_v1_rom_shim_rp2040.S.o
 .debug_abbrev  0x00003f7c       0x14 CMakeFiles/scooter.dir/Users/bturner/Pico/pico-sdk/src/rp2_common/pico_int64_ops/pico_int64_ops_aeabi.S.o
 .debug_abbrev  0x00003f90       0x12 CMakeFiles/scooter.dir/Users/bturner/Pico/pico-sdk/src/rp2_common/pico_float/float_aeabi_rp2040.S.o
 .debug_abbrev  0x00003fa2      0x173 CMakeFiles/scooter.dir/Users/bturner/Pico/pico-sdk/src/rp2_common/pico_float/float_init_rom_rp2040.c.o
 .debug_abbrev  0x00004115       0x12 CMakeFiles/scooter.dir/Users/bturner/Pico/pico-sdk/src/rp2_common/pico_float/float_v1_rom_shim_rp2040.S.o
 .debug_abbrev  0x00004127       0x12 CMakeFiles/scooter.dir/Users/bturner/Pico/pico-sdk/src/rp2_common/pico_mem_ops/mem_ops_aeabi.S.o
 .debug_abbrev  0x00004139       0xb8 CMakeFiles/scooter.dir/Users/bturner/Pico/pico-sdk/src/rp2_common/pico_standard_binary_info/standard_binary_info.c.o
 .debug_abbrev  0x000041f1      0x50c CMakeFiles/scooter.dir/Users/bturner/Pico/pico-sdk/src/rp2_common/pico_printf/printf.c.o
 .debug_abbrev  0x000046fd       0x12 CMakeFiles/scooter.dir/Users/bturner/Pico/pico-sdk/src/rp2_common/pico_crt0/crt0.S.o
 .debug_abbrev  0x0000470f      0x352 CMakeFiles/scooter.dir/Users/bturner/Pico/pico-sdk/src/rp2_common/pico_clib_interface/newlib_interface.c.o
 .debug_abbrev  0x00004a61      0x5d9 CMakeFiles/scooter.dir/Users/bturner/Pico/pico-sdk/src/rp2_common/pico_stdio/stdio.c.o
 .debug_abbrev  0x0000503a      0x498 CMakeFiles/scooter.dir/Users/bturner/Pico/pico-sdk/src/rp2_common/pico_stdio_uart/stdio_uart.c.o
 .debug_abbrev  0x000054d2      0x142 CMakeFiles/scooter.dir/Users/bturner/Pico/pico-sdk/src/rp2_common/hardware_adc/adc.c.o
 .debug_abbrev  0x00005614      0x4a3 CMakeFiles/scooter.dir/Users/bturner/Pico/pico-sdk/src/rp2_common/hardware_i2c/i2c.c.o

.debug_loclists
                0x00000000    0x1328e
 .debug_loclists
                0x00000000      0xebe CMakeFiles/scooter.dir/main.c.o
 .debug_loclists
                0x00000ebe     0x1a7f CMakeFiles/scooter.dir/Users/bturner/Pico/pico-sdk/src/rp2_common/hardware_gpio/gpio.c.o
 .debug_loclists
                0x0000293d      0x349 CMakeFiles/scooter.dir/Users/bturner/Pico/pico-sdk/src/common/hardware_claim/claim.c.o
 .debug_loclists
                0x00002c86      0x108 CMakeFiles/scooter.dir/Users/bturner/Pico/pico-sdk/src/rp2_common/hardware_sync/sync.c.o
 .debug_loclists
                0x00002d8e       0x7d CMakeFiles/scooter.dir/Users/bturner/Pico/pico-sdk/src/rp2_common/hardware_sync_spin_lock/sync_spin_lock.c.o
 .debug_loclists
                0x00002e0b     0x11ed CMakeFiles/scooter.dir/Users/bturner/Pico/pico-sdk/src/rp2_common/hardware_irq/irq.c.o
 .debug_loclists
                0x00003ff8       0x41 CMakeFiles/scooter.dir/Users/bturner/Pico/pico-sdk/src/common/pico_sync/lock_core.c.o
 .debug_loclists
                0x00004039      0xaec CMakeFiles/scooter.dir/Users/bturner/Pico/pico-sdk/src/common/pico_sync/mutex.c.o
 .debug_loclists
                0x00004b25     0x27d8 CMakeFiles/scooter.dir/Users/bturner/Pico/pico-sdk/src/common/pico_time/time.c.o
 .debug_loclists
                0x000072fd     0x19f1 CMakeFiles/scooter.dir/Users/bturner/Pico/pico-sdk/src/rp2_common/hardware_timer/timer.c.o
 .debug_loclists
                0x00008cee      0xc90 CMakeFiles/scooter.dir/Users/bturner/Pico/pico-sdk/src/rp2_common/hardware_uart/uart.c.o
 .debug_loclists
                0x0000997e     0x2b7c CMakeFiles/scooter.dir/Users/bturner/Pico/pico-sdk/src/rp2_common/hardware_clocks/clocks.c.o
 .debug_loclists
                0x0000c4fa      0x1e0 CMakeFiles/scooter.dir/Users/bturner/Pico/pico-sdk/src/rp2_common/hardware_pll/pll.c.o
 .debug_loclists
                0x0000c6da       0x47 CMakeFiles/scooter.dir/Users/bturner/Pico/pico-sdk/src/rp2_common/hardware_ticks/ticks.c.o
 .debug_loclists
                0x0000c721      0x351 CMakeFiles/scooter.dir/Users/bturner/Pico/pico-sdk/src/rp2_common/pico_bootrom/bootrom.c.o
 .debug_loclists
                0x0000ca72       0x48 CMakeFiles/scooter.dir/Users/bturner/Pico/pico-sdk/src/rp2_common/hardware_xosc/xosc.c.o
 .debug_loclists
                0x0000caba       0x7e CMakeFiles/scooter.dir/Users/bturner/Pico/pico-sdk/src/rp2_common/pico_runtime/runtime.c.o
 .debug_loclists
                0x0000cb38      0x139 CMakeFiles/scooter.dir/Users/bturner/Pico/pico-sdk/src/rp2_common/pico_runtime_init/runtime_init.c.o
 .debug_loclists
                0x0000cc71       0x74 CMakeFiles/scooter.dir/Users/bturner/Pico/pico-sdk/src/rp2_common/pico_runtime_init/runtime_init_clocks.c.o
 .debug_loclists
                0x0000cce5       0x3d CMakeFiles/scooter.dir/Users/bturner/Pico/pico-sdk/src/rp2_common/pico_double/double_init_rom_rp2040.c.o
 .debug_loclists
                0x0000cd22       0x59 CMakeFiles/scooter.dir/Users/bturner/Pico/pico-sdk/src/rp2_common/pico_float/float_init_rom_rp2040.c.o
 .debug_loclists
                0x0000cd7b     0x355f CMakeFiles/scooter.dir/Users/bturner/Pico/pico-sdk/src/rp2_common/pico_printf/printf.c.o
 .debug_loclists
                0x000102da      0x44e CMakeFiles/scooter.dir/Users/bturner/Pico/pico-sdk/src/rp2_common/pico_clib_interface/newlib_interface.c.o
 .debug_loclists
                0x00010728      0xf51 CMakeFiles/scooter.dir/Users/bturner/Pico/pico-sdk/src/rp2_common/pico_stdio/stdio.c.o
 .debug_loclists
                0x00011679      0x75b CMakeFiles/scooter.dir/Users/bturner/Pico/pico-sdk/src/rp2_common/pico_stdio_uart/stdio_uart.c.o
 .debug_loclists
                0x00011dd4       0x98 CMakeFiles/scooter.dir/Users/bturner/Pico/pico-sdk/src/rp2_common/hardware_adc/adc.c.o
 .debug_loclists
                0x00011e6c     0x1422 CMakeFiles/scooter.dir/Users/bturner/Pico/pico-sdk/src/rp2_common/hardware_i2c/i2c.c.o

.debug_aranges  0x00000000     0x1048
 .debug_aranges
                0x00000000       0x70 CMakeFiles/scooter.dir/main.c.o
 .debug_aranges
                0x00000070      0x118 CMakeFiles/scooter.dir/Users/bturner/Pico/pico-sdk/src/rp2_common/hardware_gpio/gpio.c.o
 .debug_aranges
                0x00000188       0x28 CMakeFiles/scooter.dir/Users/bturner/Pico/pico-sdk/src/rp2_common/pico_platform_panic/panic.c.o
 .debug_aranges
                0x000001b0       0x48 CMakeFiles/scooter.dir/Users/bturner/Pico/pico-sdk/src/common/hardware_claim/claim.c.o
 .debug_aranges
                0x000001f8       0x48 CMakeFiles/scooter.dir/Users/bturner/Pico/pico-sdk/src/rp2_common/hardware_sync/sync.c.o
 .debug_aranges
                0x00000240       0x28 CMakeFiles/scooter.dir/Users/bturner/Pico/pico-sdk/src/rp2_common/hardware_sync_spin_lock/sync_spin_lock.c.o
 .debug_aranges
                0x00000268       0xb8 CMakeFiles/scooter.dir/Users/bturner/Pico/pico-sdk/src/rp2_common/hardware_irq/irq.c.o
 .debug_aranges
                0x00000320       0x20 CMakeFiles/scooter.dir/Users/bturner/Pico/pico-sdk/src/common/pico_sync/lock_core.c.o
 .debug_aranges
                0x00000340       0x98 CMakeFiles/scooter.dir/Users/bturner/Pico/pico-sdk/src/common/pico_sync/mutex.c.o
 .debug_aranges
                0x000003d8       0xe0 CMakeFiles/scooter.dir/Users/bturner/Pico/pico-sdk/src/common/pico_time/time.c.o
 .debug_aranges
                0x000004b8       0xf0 CMakeFiles/scooter.dir/Users/bturner/Pico/pico-sdk/src/rp2_common/hardware_timer/timer.c.o
 .debug_aranges
                0x000005a8       0x58 CMakeFiles/scooter.dir/Users/bturner/Pico/pico-sdk/src/rp2_common/hardware_uart/uart.c.o
 .debug_aranges
                0x00000600       0x90 CMakeFiles/scooter.dir/Users/bturner/Pico/pico-sdk/src/rp2_common/hardware_clocks/clocks.c.o
 .debug_aranges
                0x00000690       0x28 CMakeFiles/scooter.dir/Users/bturner/Pico/pico-sdk/src/rp2_common/hardware_pll/pll.c.o
 .debug_aranges
                0x000006b8       0x30 CMakeFiles/scooter.dir/Users/bturner/Pico/pico-sdk/src/rp2_common/hardware_ticks/ticks.c.o
 .debug_aranges
                0x000006e8       0x40 CMakeFiles/scooter.dir/Users/bturner/Pico/pico-sdk/src/rp2_common/pico_bootrom/bootrom.c.o
 .debug_aranges
                0x00000728       0x30 CMakeFiles/scooter.dir/Users/bturner/Pico/pico-sdk/src/rp2_common/hardware_xosc/xosc.c.o
 .debug_aranges
                0x00000758       0x38 CMakeFiles/scooter.dir/Users/bturner/Pico/pico-sdk/src/rp2_common/pico_runtime/runtime.c.o
 .debug_aranges
                0x00000790       0x48 CMakeFiles/scooter.dir/Users/bturner/Pico/pico-sdk/src/rp2_common/pico_runtime_init/runtime_init.c.o
 .debug_aranges
                0x000007d8       0x20 CMakeFiles/scooter.dir/Users/bturner/Pico/pico-sdk/src/rp2_common/pico_runtime_init/runtime_init_clocks.c.o
 .debug_aranges
                0x000007f8       0x60 CMakeFiles/scooter.dir/Users/bturner/Pico/pico-sdk/src/rp2_common/pico_bit_ops/bit_ops_aeabi.S.o
 .debug_aranges
                0x00000858       0x40 CMakeFiles/scooter.dir/Users/bturner/Pico/pico-sdk/src/rp2_common/pico_divider/divider_hardware.S.o
 .debug_aranges
                0x00000898      0x150 CMakeFiles/scooter.dir/Users/bturner/Pico/pico-sdk/src/rp2_common/pico_double/double_aeabi_rp2040.S.o
 .debug_aranges
                0x000009e8       0x20 CMakeFiles/scooter.dir/Users/bturner/Pico/pico-sdk/src/rp2_common/pico_double/double_init_rom_rp2040.c.o
 .debug_aranges
                0x00000a08       0xc8 CMakeFiles/scooter.dir/Users/bturner/Pico/pico-sdk/src/rp2_common/pico_double/double_v1_rom_shim_rp2040.S.o
 .debug_aranges
                0x00000ad0       0x20 CMakeFiles/scooter.dir/Users/bturner/Pico/pico-sdk/src/rp2_common/pico_int64_ops/pico_int64_ops_aeabi.S.o
 .debug_aranges
                0x00000af0      0x138 CMakeFiles/scooter.dir/Users/bturner/Pico/pico-sdk/src/rp2_common/pico_float/float_aeabi_rp2040.S.o
 .debug_aranges
                0x00000c28       0x20 CMakeFiles/scooter.dir/Users/bturner/Pico/pico-sdk/src/rp2_common/pico_float/float_init_rom_rp2040.c.o
 .debug_aranges
                0x00000c48       0x50 CMakeFiles/scooter.dir/Users/bturner/Pico/pico-sdk/src/rp2_common/pico_float/float_v1_rom_shim_rp2040.S.o
 .debug_aranges
                0x00000c98       0x38 CMakeFiles/scooter.dir/Users/bturner/Pico/pico-sdk/src/rp2_common/pico_mem_ops/mem_ops_aeabi.S.o
 .debug_aranges
                0x00000cd0       0x18 CMakeFiles/scooter.dir/Users/bturner/Pico/pico-sdk/src/rp2_common/pico_standard_binary_info/standard_binary_info.c.o
 .debug_aranges